
> nortear-design-system-svelte@0.0.0 build-storybook:chromatic
> storybook build --output-dir=C:\Users\julia\AppData\Local\Temp\chromatic--13096-Y8FWL4VKBNDw --stats-json=C:\Users\julia\AppData\Local\Temp\chromatic--13096-Y8FWL4VKBNDw


[90m┌[39m  Building storybook v10.5.5
[90m│[39m
[32m◇[39m  Cleaning outputDir:
[90m│[39m  [36m../../../AppData/Local/Temp/chromatic--13096-Y8FWL4VKBNDw[39m
[90m│[39m
[32m◇[39m  Loading presets
[90m│[39m
[32m◇[39m  Building manager..
[90m│[39m
[34m●[39m  Building open services..
[90m│[39m
[34m●[39m  Building preview..
[90m│[39m  [43mVite[49m [36mvite v8.1.5 [32mbuilding client environment for production...[36m[39m
[2Ktransforming...✓ 2655 modules transformed.
rendering chunks...
[90m│[39m  [43mVite[49m
[90m│[39m  ../../../AppData/Local/Temp/chromatic--13096-Y8FWL4VKBNDw/iframe.html
[90m│[39m  21.21 kB
[90m│[39m  ../../../AppData/Local/Temp/chromatic--13096-Y8FWL4VKBNDw/assets/dist-C1tyNZCz.css
[90m│[39m  0.63 kB
[90m│[39m  ../../../AppData/Local/Temp/chromatic--13096-Y8FWL4VKBNDw/assets/DrawerStory-Dfn3BCaV.css
[90m│[39m  4.99 kB
[90m│[39m  ../../../AppData/Local/Temp/chromatic--13096-Y8FWL4VKBNDw/assets/sonner-BhWnw8nz.css
[90m│[39m  13.99 kB
[90m│[39m  ../../../AppData/Local/Temp/chromatic--13096-Y8FWL4VKBNDw/assets/iframe-teE30Qkc.css
[90m│[39m  197.10 kB
[90m│[39m  ../../../AppData/Local/Temp/chromatic--13096-Y8FWL4VKBNDw/assets/loader-2-FOQ83kCa.js
[90m│[39m  0.13 kB
[90m│[39m  ../../../AppData/Local/Temp/chromatic--13096-Y8FWL4VKBNDw/assets/loader-circle-FOQ83kCa.js
[90m│[39m  0.13 kB
[90m│[39m  ../../../AppData/Local/Temp/chromatic--13096-Y8FWL4VKBNDw/assets/legacy-DgXaf6EW.js
[90m│[39m  0.13 kB
[90m│[39m  ../../../AppData/Local/Temp/chromatic--13096-Y8FWL4VKBNDw/assets/index-client-B29K-cAE.js
[90m│[39m  0.16 kB
[90m│[39m  ../../../AppData/Local/Temp/chromatic--13096-Y8FWL4VKBNDw/assets/utils-BatOVRWK.js
[90m│[39m  0.16 kB
[90m│[39m  ../../../AppData/Local/Temp/chromatic--13096-Y8FWL4VKBNDw/assets/sections-DT5GxPP8.js
[90m│[39m  0.31 kB
[90m│[39m  ../../../AppData/Local/Temp/chromatic--13096-Y8FWL4VKBNDw/assets/icons.stories-B0zEIn8F.js
[90m│[39m  0.38 kB
[90m│[39m  ../../../AppData/Local/Temp/chromatic--13096-Y8FWL4VKBNDw/assets/minus-BFLU_z05.js
[90m│[39m  0.39 kB
[90m│[39m  ../../../AppData/Local/Temp/chromatic--13096-Y8FWL4VKBNDw/assets/loader-circle-DsiVN5N-.js
[90m│[39m  0.39 kB
[90m│[39m  ../../../AppData/Local/Temp/chromatic--13096-Y8FWL4VKBNDw/assets/check-Dvj0rLjE.js
[90m│[39m  0.40 kB
[90m│[39m  ../../../AppData/Local/Temp/chromatic--13096-Y8FWL4VKBNDw/assets/chevron-down-D6jaqXdy.js
[90m│[39m  0.40 kB
[90m│[39m  ../../../AppData/Local/Temp/chromatic--13096-Y8FWL4VKBNDw/assets/chevron-left-CjaMEHu_.js
[90m│[39m  0.40 kB
[90m│[39m  ../../../AppData/Local/Temp/chromatic--13096-Y8FWL4VKBNDw/assets/chevron-right-DzGu3x4b.js
[90m│[39m  0.40 kB
[90m│[39m  ../../../AppData/Local/Temp/chromatic--13096-Y8FWL4VKBNDw/assets/circle-Bi480rAC.js
[90m│[39m  0.40 kB
[90m│[39m  ../../../AppData/Local/Temp/chromatic--13096-Y8FWL4VKBNDw/assets/x-DXxA7m0x.js
[90m│[39m  0.41 kB
[90m│[39m  ../../../AppData/Local/Temp/chromatic--13096-Y8FWL4VKBNDw/assets/search-Bug7S48U.js
[90m│[39m  0.43 kB
[90m│[39m  ../../../AppData/Local/Temp/chromatic--13096-Y8FWL4VKBNDw/assets/circle-check-DVClTYyY.js
[90m│[39m  0.44 kB
[90m│[39m  ../../../AppData/Local/Temp/chromatic--13096-Y8FWL4VKBNDw/assets/info-C5NTHsKC.js
[90m│[39m  0.45 kB
[90m│[39m  ../../../AppData/Local/Temp/chromatic--13096-Y8FWL4VKBNDw/assets/circle-check-big-Hmj7o7qx.js
[90m│[39m  0.45 kB
[90m│[39m  ../../../AppData/Local/Temp/chromatic--13096-Y8FWL4VKBNDw/assets/user-DVPschZp.js
[90m│[39m  0.45 kB
[90m│[39m  ../../../AppData/Local/Temp/chromatic--13096-Y8FWL4VKBNDw/assets/more-horizontal-BT4byPYD.js
[90m│[39m  0.47 kB
[90m│[39m  ../../../AppData/Local/Temp/chromatic--13096-Y8FWL4VKBNDw/assets/arrow-up-down-BSD-pluR.js
[90m│[39m  0.48 kB
[90m│[39m  ../../../AppData/Local/Temp/chromatic--13096-Y8FWL4VKBNDw/assets/settings-2-CqLZaKT4.js
[90m│[39m  0.49 kB
[90m│[39m  ../../../AppData/Local/Temp/chromatic--13096-Y8FWL4VKBNDw/assets/triangle-alert-CWyVEXnm.js
[90m│[39m  0.51 kB
[90m│[39m  ../../../AppData/Local/Temp/chromatic--13096-Y8FWL4VKBNDw/assets/eye-CPF3tjEv.js
[90m│[39m  0.51 kB
[90m│[39m  ../../../AppData/Local/Temp/chromatic--13096-Y8FWL4VKBNDw/assets/SkeletonStory-DYVZIeMw.js
[90m│[39m  0.52 kB
[90m│[39m  ../../../AppData/Local/Temp/chromatic--13096-Y8FWL4VKBNDw/assets/skeleton-Bna6Lp8R.js
[90m│[39m  0.54 kB
[90m│[39m  ../../../AppData/Local/Temp/chromatic--13096-Y8FWL4VKBNDw/assets/trash-2-CQU_kQjh.js
[90m│[39m  0.55 kB
[90m│[39m  ../../../AppData/Local/Temp/chromatic--13096-Y8FWL4VKBNDw/assets/bell-D3Awr7lw.js
[90m│[39m  0.55 kB
[90m│[39m  ../../../AppData/Local/Temp/chromatic--13096-Y8FWL4VKBNDw/assets/wait-for-portal-D_81uHAO.js
[90m│[39m  0.56 kB
[90m│[39m  ../../../AppData/Local/Temp/chromatic--13096-Y8FWL4VKBNDw/assets/layout-dashboard-B250QsUv.js
[90m│[39m  0.58 kB
[90m│[39m  ../../../AppData/Local/Temp/chromatic--13096-Y8FWL4VKBNDw/assets/textarea-DwBomXM0.js
[90m│[39m  0.64 kB
[90m│[39m  ../../../AppData/Local/Temp/chromatic--13096-Y8FWL4VKBNDw/assets/data-table-estados.stories-CEmTWDCK.js
[90m│[39m  0.65 kB
[90m│[39m  ../../../AppData/Local/Temp/chromatic--13096-Y8FWL4VKBNDw/assets/label-BXOmhSV8.js
[90m│[39m  0.66 kB
[90m│[39m  ../../../AppData/Local/Temp/chromatic--13096-Y8FWL4VKBNDw/assets/InputStory-jh3-GhYS.js
[90m│[39m  0.70 kB
[90m│[39m  ../../../AppData/Local/Temp/chromatic--13096-Y8FWL4VKBNDw/assets/separator--x3CtunK.js
[90m│[39m  0.72 kB
[90m│[39m  ../../../AppData/Local/Temp/chromatic--13096-Y8FWL4VKBNDw/assets/dist-BtZx7hYq.js
[90m│[39m  0.73 kB
[90m│[39m  ../../../AppData/Local/Temp/chromatic--13096-Y8FWL4VKBNDw/assets/settings-A6glFpOF.js
[90m│[39m  0.75 kB
[90m│[39m  ../../../AppData/Local/Temp/chromatic--13096-Y8FWL4VKBNDw/assets/LabelStory-B-4tVMeg.js
[90m│[39m  0.84 kB
[90m│[39m  ../../../AppData/Local/Temp/chromatic--13096-Y8FWL4VKBNDw/assets/input-DPJZFWsz.js
[90m│[39m  0.94 kB
[90m│[39m  ../../../AppData/Local/Temp/chromatic--13096-Y8FWL4VKBNDw/assets/users-B19r4CvC.js
[90m│[39m  0.98 kB
[90m│[39m  ../../../AppData/Local/Temp/chromatic--13096-Y8FWL4VKBNDw/assets/badge-CM7l2oPl.js
[90m│[39m  1.00 kB
[90m│[39m  ../../../AppData/Local/Temp/chromatic--13096-Y8FWL4VKBNDw/assets/data-table-configuracoes.stories-B-MKJKd2.js
[90m│[39m  1.06 kB
[90m│[39m  ../../../AppData/Local/Temp/chromatic--13096-Y8FWL4VKBNDw/assets/SonnerToastStory-DLJVAwcA.js
[90m│[39m  1.15 kB
[90m│[39m  ../../../AppData/Local/Temp/chromatic--13096-Y8FWL4VKBNDw/assets/collapsible-CyiSv8ZH.js
[90m│[39m  1.19 kB
[90m│[39m  ../../../AppData/Local/Temp/chromatic--13096-Y8FWL4VKBNDw/assets/SeparatorStory-Vtu_qbVY.js
[90m│[39m  1.19 kB
[90m│[39m  ../../../AppData/Local/Temp/chromatic--13096-Y8FWL4VKBNDw/assets/ToggleStory-Bq22lkVK.js
[90m│[39m  1.25 kB
[90m│[39m  ../../../AppData/Local/Temp/chromatic--13096-Y8FWL4VKBNDw/assets/checkbox-BnxaQfTZ.js
[90m│[39m  1.25 kB
[90m│[39m  ../../../AppData/Local/Temp/chromatic--13096-Y8FWL4VKBNDw/assets/Icon-D-oghYuI.js
[90m│[39m  1.54 kB
[90m│[39m  ../../../AppData/Local/Temp/chromatic--13096-Y8FWL4VKBNDw/assets/alert-BBHc22vA.js
[90m│[39m  1.60 kB
[90m│[39m  ../../../AppData/Local/Temp/chromatic--13096-Y8FWL4VKBNDw/assets/avatar-BwL04VVZ.js
[90m│[39m  1.67 kB
[90m│[39m  ../../../AppData/Local/Temp/chromatic--13096-Y8FWL4VKBNDw/assets/AlertStory-CYk4ycdF.js
[90m│[39m  1.72 kB
[90m│[39m  ../../../AppData/Local/Temp/chromatic--13096-Y8FWL4VKBNDw/assets/CollapsibleStory-BBBhckeX.js
[90m│[39m  1.73 kB
[90m│[39m  ../../../AppData/Local/Temp/chromatic--13096-Y8FWL4VKBNDw/assets/esm-BreasmcT.js
[90m│[39m  1.88 kB
[90m│[39m  ../../../AppData/Local/Temp/chromatic--13096-Y8FWL4VKBNDw/assets/button-TI35k1yO.js
[90m│[39m  1.94 kB
[90m│[39m  ../../../AppData/Local/Temp/chromatic--13096-Y8FWL4VKBNDw/assets/AspectRatioStory-DYzxEhCC.js
[90m│[39m  2.07 kB
[90m│[39m  ../../../AppData/Local/Temp/chromatic--13096-Y8FWL4VKBNDw/assets/chart-composicoes.stories-CD5lceTn.js
[90m│[39m  2.11 kB
[90m│[39m  ../../../AppData/Local/Temp/chromatic--13096-Y8FWL4VKBNDw/assets/TextareaStory-DhOPQrL6.js
[90m│[39m  2.21 kB
[90m│[39m  ../../../AppData/Local/Temp/chromatic--13096-Y8FWL4VKBNDw/assets/hover-card-variantes.stories-CIpOneXp.js
[90m│[39m  2.26 kB
[90m│[39m  ../../../AppData/Local/Temp/chromatic--13096-Y8FWL4VKBNDw/assets/AccordionStory--9jZ6FY7.js
[90m│[39m  2.36 kB
[90m│[39m  ../../../AppData/Local/Temp/chromatic--13096-Y8FWL4VKBNDw/assets/preload-helper-BdFrVu1K.js
[90m│[39m  2.40 kB
[90m│[39m  ../../../AppData/Local/Temp/chromatic--13096-Y8FWL4VKBNDw/assets/calendar-layouts.stories-rh9fn4kB.js
[90m│[39m  2.41 kB
[90m│[39m  ../../../AppData/Local/Temp/chromatic--13096-Y8FWL4VKBNDw/assets/ProgressStory-BD9G6GkU.js
[90m│[39m  2.42 kB
[90m│[39m  ../../../AppData/Local/Temp/chromatic--13096-Y8FWL4VKBNDw/assets/BadgeStory-COnKzqxB.js
[90m│[39m  2.49 kB
[90m│[39m  ../../../AppData/Local/Temp/chromatic--13096-Y8FWL4VKBNDw/assets/dropdown-menu-variantes.stories-DeaTPLVW.js
[90m│[39m  2.49 kB
[90m│[39m  ../../../AppData/Local/Temp/chromatic--13096-Y8FWL4VKBNDw/assets/CheckboxStory-DGUUc1ye.js
[90m│[39m  2.51 kB
[90m│[39m  ../../../AppData/Local/Temp/chromatic--13096-Y8FWL4VKBNDw/assets/accordion-DwzQK1Vg.js
[90m│[39m  2.55 kB
[90m│[39m  ../../../AppData/Local/Temp/chromatic--13096-Y8FWL4VKBNDw/assets/menubar-variantes.stories-A4FeLSE8.js
[90m│[39m  2.60 kB
[90m│[39m  ../../../AppData/Local/Temp/chromatic--13096-Y8FWL4VKBNDw/assets/tooltip-BE-8KMuA.js
[90m│[39m  2.64 kB
[90m│[39m  ../../../AppData/Local/Temp/chromatic--13096-Y8FWL4VKBNDw/assets/chart-estados.stories-dLexYV7F.js
[90m│[39m  2.69 kB
[90m│[39m  ../../../AppData/Local/Temp/chromatic--13096-Y8FWL4VKBNDw/assets/navigation-menu-variantes.stories-BTPmHTbX.js
[90m│[39m  2.70 kB
[90m│[39m  ../../../AppData/Local/Temp/chromatic--13096-Y8FWL4VKBNDw/assets/breadcrumb-composicoes.stories-BfRkDAJH.js
[90m│[39m  2.71 kB
[90m│[39m  ../../../AppData/Local/Temp/chromatic--13096-Y8FWL4VKBNDw/assets/data-table-composicoes.stories-BGw4w4A5.js
[90m│[39m  2.74 kB
[90m│[39m  ../../../AppData/Local/Temp/chromatic--13096-Y8FWL4VKBNDw/assets/badge-variantes.stories-fOQs1PqN.js
[90m│[39m  2.74 kB
[90m│[39m  ../../../AppData/Local/Temp/chromatic--13096-Y8FWL4VKBNDw/assets/calendar-modos.stories-C49qqC1G.js
[90m│[39m  2.80 kB
[90m│[39m  ../../../AppData/Local/Temp/chromatic--13096-Y8FWL4VKBNDw/assets/list-BCQAwpwj.js
[90m│[39m  2.80 kB
[90m│[39m  ../../../AppData/Local/Temp/chromatic--13096-Y8FWL4VKBNDw/assets/separator-estados.stories-4ngJxxsq.js
[90m│[39m  2.82 kB
[90m│[39m  ../../../AppData/Local/Temp/chromatic--13096-Y8FWL4VKBNDw/assets/card-BFL1ToEt.js
[90m│[39m  2.88 kB
[90m│[39m  ../../../AppData/Local/Temp/chromatic--13096-Y8FWL4VKBNDw/assets/carousel-configuracoes.stories-0Ru7nIog.js
[90m│[39m  2.94 kB
[90m│[39m  ../../../AppData/Local/Temp/chromatic--13096-Y8FWL4VKBNDw/assets/carousel-variantes.stories-CIY-DjAh.js
[90m│[39m  2.94 kB
[90m│[39m  ../../../AppData/Local/Temp/chromatic--13096-Y8FWL4VKBNDw/assets/ButtonStory-B5HS664O.js
[90m│[39m  2.95 kB
[90m│[39m  ../../../AppData/Local/Temp/chromatic--13096-Y8FWL4VKBNDw/assets/chart-configuracoes.stories-B9QQDax9.js
[90m│[39m  2.98 kB
[90m│[39m  ../../../AppData/Local/Temp/chromatic--13096-Y8FWL4VKBNDw/assets/AvatarStory-DM16kWlG.js
[90m│[39m  3.02 kB
[90m│[39m  ../../../AppData/Local/Temp/chromatic--13096-Y8FWL4VKBNDw/assets/avatar-tamanhos.stories-DRsxM9-C.js
[90m│[39m  3.02 kB
[90m│[39m  ../../../AppData/Local/Temp/chromatic--13096-Y8FWL4VKBNDw/assets/tooltip-variantes.stories-BFg1ISKO.js
[90m│[39m  3.09 kB
[90m│[39m  ../../../AppData/Local/Temp/chromatic--13096-Y8FWL4VKBNDw/assets/table-DUSvkVaw.js
[90m│[39m  3.11 kB
[90m│[39m  ../../../AppData/Local/Temp/chromatic--13096-Y8FWL4VKBNDw/assets/card-tamanhos.stories-B5JVHEq6.js
[90m│[39m  3.13 kB
[90m│[39m  ../../../AppData/Local/Temp/chromatic--13096-Y8FWL4VKBNDw/assets/popover-Cf0UCD8F.js
[90m│[39m  3.15 kB
[90m│[39m  ../../../AppData/Local/Temp/chromatic--13096-Y8FWL4VKBNDw/assets/badge-composicoes.stories-Bj8pYNT5.js
[90m│[39m  3.17 kB
[90m│[39m  ../../../AppData/Local/Temp/chromatic--13096-Y8FWL4VKBNDw/assets/SidebarStory-B4Nn0roo.js
[90m│[39m  3.20 kB
[90m│[39m  ../../../AppData/Local/Temp/chromatic--13096-Y8FWL4VKBNDw/assets/SwitchStory-CYY6rG9B.js
[90m│[39m  3.25 kB
[90m│[39m  ../../../AppData/Local/Temp/chromatic--13096-Y8FWL4VKBNDw/assets/popover-variantes.stories-emlti0z4.js
[90m│[39m  3.41 kB
[90m│[39m  ../../../AppData/Local/Temp/chromatic--13096-Y8FWL4VKBNDw/assets/chart-variantes.stories--a4CjMv1.js
[90m│[39m  3.42 kB
[90m│[39m  ../../../AppData/Local/Temp/chromatic--13096-Y8FWL4VKBNDw/assets/hover-card-composicoes.stories-Bckcf4tB.js
[90m│[39m  3.49 kB
[90m│[39m  ../../../AppData/Local/Temp/chromatic--13096-Y8FWL4VKBNDw/assets/TabsStory-C3_p_6xN.js
[90m│[39m  3.52 kB
[90m│[39m  ../../../AppData/Local/Temp/chromatic--13096-Y8FWL4VKBNDw/assets/avatar-estados.stories-Cia7MR_z.js
[90m│[39m  3.52 kB
[90m│[39m  ../../../AppData/Local/Temp/chromatic--13096-Y8FWL4VKBNDw/assets/hover-card-estados.stories-Dq-xRQ02.js
[90m│[39m  3.53 kB
[90m│[39m  ../../../AppData/Local/Temp/chromatic--13096-Y8FWL4VKBNDw/assets/DialogStory-CX3h-HSq.js
[90m│[39m  3.54 kB
[90m│[39m  ../../../AppData/Local/Temp/chromatic--13096-Y8FWL4VKBNDw/assets/alert-composicoes.stories-XdW38k1Y.js
[90m│[39m  3.62 kB
[90m│[39m  ../../../AppData/Local/Temp/chromatic--13096-Y8FWL4VKBNDw/assets/separator-variantes.stories-VqFdAZfR.js
[90m│[39m  3.62 kB
[90m│[39m  ../../../AppData/Local/Temp/chromatic--13096-Y8FWL4VKBNDw/assets/pagination-variantes.stories-CfC0aB-S.js
[90m│[39m  3.62 kB
[90m│[39m  ../../../AppData/Local/Temp/chromatic--13096-Y8FWL4VKBNDw/assets/RadioGroupStory-DQ9RtUCx.js
[90m│[39m  3.63 kB
[90m│[39m  ../../../AppData/Local/Temp/chromatic--13096-Y8FWL4VKBNDw/assets/carousel-estados.stories-DNAug_nF.js
[90m│[39m  3.66 kB
[90m│[39m  ../../../AppData/Local/Temp/chromatic--13096-Y8FWL4VKBNDw/assets/sonner-composicoes.stories-DDH70YN6.js
[90m│[39m  3.67 kB
[90m│[39m  ../../../AppData/Local/Temp/chromatic--13096-Y8FWL4VKBNDw/assets/input-otp-composicoes.stories-CU4xAL-v.js
[90m│[39m  3.76 kB
[90m│[39m  ../../../AppData/Local/Temp/chromatic--13096-Y8FWL4VKBNDw/assets/avatar-composicoes.stories-BH2mj9th.js
[90m│[39m  3.84 kB
[90m│[39m  ../../../AppData/Local/Temp/chromatic--13096-Y8FWL4VKBNDw/assets/carousel-composicoes.stories-B7ljhb7T.js
[90m│[39m  3.87 kB
[90m│[39m  ../../../AppData/Local/Temp/chromatic--13096-Y8FWL4VKBNDw/assets/alert-variantes.stories-82sI-I3P.js
[90m│[39m  3.88 kB
[90m│[39m  ../../../AppData/Local/Temp/chromatic--13096-Y8FWL4VKBNDw/assets/SliderStory-Bj7xbus2.js
[90m│[39m  3.95 kB
[90m│[39m  ../../../AppData/Local/Temp/chromatic--13096-Y8FWL4VKBNDw/assets/sonner-tipos.stories-uaDY8YAA.js
[90m│[39m  4.04 kB
[90m│[39m  ../../../AppData/Local/Temp/chromatic--13096-Y8FWL4VKBNDw/assets/scroll-area-estados.stories-Dm-wX2Gy.js
[90m│[39m  4.07 kB
[90m│[39m  ../../../AppData/Local/Temp/chromatic--13096-Y8FWL4VKBNDw/assets/input-otp-estados.stories-BUX8ADNZ.js
[90m│[39m  4.07 kB
[90m│[39m  ../../../AppData/Local/Temp/chromatic--13096-Y8FWL4VKBNDw/assets/drawer-composicoes.stories-CdNYXP6x.js
[90m│[39m  4.08 kB
[90m│[39m  ../../../AppData/Local/Temp/chromatic--13096-Y8FWL4VKBNDw/assets/alert-dialog-composicoes.stories-B_JCuGlV.js
[90m│[39m  4.13 kB
[90m│[39m  ../../../AppData/Local/Temp/chromatic--13096-Y8FWL4VKBNDw/assets/calendar-estados.stories-D2A9gxtB.js
[90m│[39m  4.13 kB
[90m│[39m  ../../../AppData/Local/Temp/chromatic--13096-Y8FWL4VKBNDw/assets/navigation-menu-estados.stories-CqlJCtq_.js
[90m│[39m  4.18 kB
[90m│[39m  ../../../AppData/Local/Temp/chromatic--13096-Y8FWL4VKBNDw/assets/aspect-ratio-variantes.stories-QitK6xK0.js
[90m│[39m  4.19 kB
[90m│[39m  ../../../AppData/Local/Temp/chromatic--13096-Y8FWL4VKBNDw/assets/drawer-variantes.stories-QJeZ4Bf7.js
[90m│[39m  4.22 kB
[90m│[39m  ../../../AppData/Local/Temp/chromatic--13096-Y8FWL4VKBNDw/assets/scroll-area-composicoes.stories-BNy2Z3CS.js
[90m│[39m  4.25 kB
[90m│[39m  ../../../AppData/Local/Temp/chromatic--13096-Y8FWL4VKBNDw/assets/skeleton-variantes.stories-CxBVTUzR.js
[90m│[39m  4.27 kB
[90m│[39m  ../../../AppData/Local/Temp/chromatic--13096-Y8FWL4VKBNDw/assets/popover-composicoes.stories-Bc_KnSuD.js
[90m│[39m  4.29 kB
[90m│[39m  ../../../AppData/Local/Temp/chromatic--13096-Y8FWL4VKBNDw/assets/resizable-estados.stories-CW70WUY8.js
[90m│[39m  4.36 kB
[90m│[39m  ../../../AppData/Local/Temp/chromatic--13096-Y8FWL4VKBNDw/assets/tabs-variantes.stories-BgaK3455.js
[90m│[39m  4.37 kB
[90m│[39m  ../../../AppData/Local/Temp/chromatic--13096-Y8FWL4VKBNDw/assets/menubar-estados.stories-k4vcRZE8.js
[90m│[39m  4.42 kB
[90m│[39m  ../../../AppData/Local/Temp/chromatic--13096-Y8FWL4VKBNDw/assets/sheet-DTvc_TWc.js
[90m│[39m  4.49 kB
[90m│[39m  ../../../AppData/Local/Temp/chromatic--13096-Y8FWL4VKBNDw/assets/tooltip-estados.stories-CvVx1lQ7.js
[90m│[39m  4.49 kB
[90m│[39m  ../../../AppData/Local/Temp/chromatic--13096-Y8FWL4VKBNDw/assets/TooltipStory-0CQk4005.js
[90m│[39m  4.51 kB
[90m│[39m  ../../../AppData/Local/Temp/chromatic--13096-Y8FWL4VKBNDw/assets/sidebar-variantes.stories-CE6sJjIU.js
[90m│[39m  4.56 kB
[90m│[39m  ../../../AppData/Local/Temp/chromatic--13096-Y8FWL4VKBNDw/assets/textarea-variantes.stories-CTJQAP2h.js
[90m│[39m  4.59 kB
[90m│[39m  ../../../AppData/Local/Temp/chromatic--13096-Y8FWL4VKBNDw/assets/toggle-variantes.stories-CQ76kGH-.js
[90m│[39m  4.62 kB
[90m│[39m  ../../../AppData/Local/Temp/chromatic--13096-Y8FWL4VKBNDw/assets/scroll-area-variantes.stories-P6jKZEHd.js
[90m│[39m  4.64 kB
[90m│[39m  ../../../AppData/Local/Temp/chromatic--13096-Y8FWL4VKBNDw/assets/sheet-variantes.stories-B4kDFx9O.js
[90m│[39m  4.65 kB
[90m│[39m  ../../../AppData/Local/Temp/chromatic--13096-Y8FWL4VKBNDw/assets/input-otp-variantes.stories-6xUQJtEg.js
[90m│[39m  4.67 kB
[90m│[39m  ../../../AppData/Local/Temp/chromatic--13096-Y8FWL4VKBNDw/assets/input-tipos.stories-DIbrB-tF.js
[90m│[39m  4.69 kB
[90m│[39m  ../../../AppData/Local/Temp/chromatic--13096-Y8FWL4VKBNDw/assets/progress-estados.stories-BQq5H8XG.js
[90m│[39m  4.73 kB
[90m│[39m  ../../../AppData/Local/Temp/chromatic--13096-Y8FWL4VKBNDw/assets/aspect-ratio-composicoes.stories-DIQECSDc.js
[90m│[39m  4.75 kB
[90m│[39m  ../../../AppData/Local/Temp/chromatic--13096-Y8FWL4VKBNDw/assets/progress-variantes.stories-2DCZ70qK.js
[90m│[39m  4.79 kB
[90m│[39m  ../../../AppData/Local/Temp/chromatic--13096-Y8FWL4VKBNDw/assets/pagination-DfLaDYFC.js
[90m│[39m  4.81 kB
[90m│[39m  ../../../AppData/Local/Temp/chromatic--13096-Y8FWL4VKBNDw/assets/sheet-composicoes.stories-DsEqI35d.js
[90m│[39m  4.84 kB
[90m│[39m  ../../../AppData/Local/Temp/chromatic--13096-Y8FWL4VKBNDw/assets/dialog-aVGslZXj.js
[90m│[39m  4.89 kB
[90m│[39m  ../../../AppData/Local/Temp/chromatic--13096-Y8FWL4VKBNDw/assets/ToggleGroupStory-BtMnbrCn.js
[90m│[39m  4.91 kB
[90m│[39m  ../../../AppData/Local/Temp/chromatic--13096-Y8FWL4VKBNDw/assets/button-tamanhos.stories-CtSQ-4yR.js
[90m│[39m  4.91 kB
[90m│[39m  ../../../AppData/Local/Temp/chromatic--13096-Y8FWL4VKBNDw/assets/SheetStory-VwcAkaw_.js
[90m│[39m  4.94 kB
[90m│[39m  ../../../AppData/Local/Temp/chromatic--13096-Y8FWL4VKBNDw/assets/PaginationStory-DGVuiCU_.js
[90m│[39m  4.98 kB
[90m│[39m  ../../../AppData/Local/Temp/chromatic--13096-Y8FWL4VKBNDw/assets/switch-variantes.stories-CoqIm6WO.js
[90m│[39m  5.00 kB
[90m│[39m  ../../../AppData/Local/Temp/chromatic--13096-Y8FWL4VKBNDw/assets/select-variantes.stories-DUe8YgUy.js
[90m│[39m  5.03 kB
[90m│[39m  ../../../AppData/Local/Temp/chromatic--13096-Y8FWL4VKBNDw/assets/resizable-variantes.stories-DGRYfgdz.js
[90m│[39m  5.07 kB
[90m│[39m  ../../../AppData/Local/Temp/chromatic--13096-Y8FWL4VKBNDw/assets/input-estados.stories-CeGoz1VO.js
[90m│[39m  5.07 kB
[90m│[39m  ../../../AppData/Local/Temp/chromatic--13096-Y8FWL4VKBNDw/assets/resizable-composicoes.stories-C8RYdShR.js
[90m│[39m  5.10 kB
[90m│[39m  ../../../AppData/Local/Temp/chromatic--13096-Y8FWL4VKBNDw/assets/ScrollAreaStory-BEnGXWHH.js
[90m│[39m  5.10 kB
[90m│[39m  ../../../AppData/Local/Temp/chromatic--13096-Y8FWL4VKBNDw/assets/navigation-menu-composicoes.stories-DyD-4awd.js
[90m│[39m  5.19 kB
[90m│[39m  ../../../AppData/Local/Temp/chromatic--13096-Y8FWL4VKBNDw/assets/pagination-estados.stories-B3TgTwyj.js
[90m│[39m  5.22 kB
[90m│[39m  ../../../AppData/Local/Temp/chromatic--13096-Y8FWL4VKBNDw/assets/context-menu-estados.stories-BQTHKFit.js
[90m│[39m  5.28 kB
[90m│[39m  ../../../AppData/Local/Temp/chromatic--13096-Y8FWL4VKBNDw/assets/dropdown-menu-estados.stories-B41wAhVv.js
[90m│[39m  5.28 kB
[90m│[39m  ../../../AppData/Local/Temp/chromatic--13096-Y8FWL4VKBNDw/assets/alert-estados.stories-BdOM9Ic8.js
[90m│[39m  5.37 kB
[90m│[39m  ../../../AppData/Local/Temp/chromatic--13096-Y8FWL4VKBNDw/assets/button-variantes.stories-BwbQxVH0.js
[90m│[39m  5.43 kB
[90m│[39m  ../../../AppData/Local/Temp/chromatic--13096-Y8FWL4VKBNDw/assets/select-composicoes.stories-DfY2M3ek.js
[90m│[39m  5.44 kB
[90m│[39m  ../../../AppData/Local/Temp/chromatic--13096-Y8FWL4VKBNDw/assets/tooltip-composicoes.stories-m54MCZVm.js
[90m│[39m  5.46 kB
[90m│[39m  ../../../AppData/Local/Temp/chromatic--13096-Y8FWL4VKBNDw/assets/PopoverStory-BxwLn0fW.js
[90m│[39m  5.69 kB
[90m│[39m  ../../../AppData/Local/Temp/chromatic--13096-Y8FWL4VKBNDw/assets/InputOTPStory-CMhnY5w_.js
[90m│[39m  5.74 kB
[90m│[39m  ../../../AppData/Local/Temp/chromatic--13096-Y8FWL4VKBNDw/assets/toggle-group-variantes.stories-DI9Yrp3d.js
[90m│[39m  5.76 kB
[90m│[39m  ../../../AppData/Local/Temp/chromatic--13096-Y8FWL4VKBNDw/assets/menubar-composicoes.stories-P48Q4QU3.js
[90m│[39m  5.77 kB
[90m│[39m  ../../../AppData/Local/Temp/chromatic--13096-Y8FWL4VKBNDw/assets/button-estados.stories-DKKcVOok.js
[90m│[39m  5.77 kB
[90m│[39m  ../../../AppData/Local/Temp/chromatic--13096-Y8FWL4VKBNDw/assets/HoverCardStory-sqt20izW.js
[90m│[39m  5.79 kB
[90m│[39m  ../../../AppData/Local/Temp/chromatic--13096-Y8FWL4VKBNDw/assets/progress-composicoes.stories-CfzhPRdK.js
[90m│[39m  5.93 kB
[90m│[39m  ../../../AppData/Local/Temp/chromatic--13096-Y8FWL4VKBNDw/assets/card-estados.stories-DEt4wmOB.js
[90m│[39m  5.98 kB
[90m│[39m  ../../../AppData/Local/Temp/chromatic--13096-Y8FWL4VKBNDw/assets/label-composicoes.stories-BW63T_J0.js
[90m│[39m  6.09 kB
[90m│[39m  ../../../AppData/Local/Temp/chromatic--13096-Y8FWL4VKBNDw/assets/label-estados.stories-DF9U2mTR.js
[90m│[39m  6.11 kB
[90m│[39m  ../../../AppData/Local/Temp/chromatic--13096-Y8FWL4VKBNDw/assets/command-estados.stories-OKtKSAB-.js
[90m│[39m  6.12 kB
[90m│[39m  ../../../AppData/Local/Temp/chromatic--13096-Y8FWL4VKBNDw/assets/pagination-composicoes.stories-DBj5J8Vj.js
[90m│[39m  6.13 kB
[90m│[39m  ../../../AppData/Local/Temp/chromatic--13096-Y8FWL4VKBNDw/assets/dropdown-menu-composicoes.stories-psIlzhKP.js
[90m│[39m  6.15 kB
[90m│[39m  ../../../AppData/Local/Temp/chromatic--13096-Y8FWL4VKBNDw/assets/collapsible-composicoes.stories-fMvxeIki.js
[90m│[39m  6.17 kB
[90m│[39m  ../../../AppData/Local/Temp/chromatic--13096-Y8FWL4VKBNDw/assets/popover-estados.stories-DOd8wq6G.js
[90m│[39m  6.23 kB
[90m│[39m  ../../../AppData/Local/Temp/chromatic--13096-Y8FWL4VKBNDw/assets/accordion-estados.stories-C2rOdjHO.js
[90m│[39m  6.28 kB
[90m│[39m  ../../../AppData/Local/Temp/chromatic--13096-Y8FWL4VKBNDw/assets/slider-variantes.stories-DsK7V16r.js
[90m│[39m  6.28 kB
[90m│[39m  ../../../AppData/Local/Temp/chromatic--13096-Y8FWL4VKBNDw/assets/drawer-estados.stories-DvWNejub.js
[90m│[39m  6.29 kB
[90m│[39m  ../../../AppData/Local/Temp/chromatic--13096-Y8FWL4VKBNDw/assets/AlertDialogStory-BVH1wyAP.js
[90m│[39m  6.30 kB
[90m│[39m  ../../../AppData/Local/Temp/chromatic--13096-Y8FWL4VKBNDw/assets/toggle-composicoes.stories-CMBzfZyg.js
[90m│[39m  6.33 kB
[90m│[39m  ../../../AppData/Local/Temp/chromatic--13096-Y8FWL4VKBNDw/assets/slider-estados.stories-CcxmNNa_.js
[90m│[39m  6.38 kB
[90m│[39m  ../../../AppData/Local/Temp/chromatic--13096-Y8FWL4VKBNDw/assets/radio-group-composicoes.stories-B1pRu4-a.js
[90m│[39m  6.45 kB
[90m│[39m  ../../../AppData/Local/Temp/chromatic--13096-Y8FWL4VKBNDw/assets/radio-group-variantes.stories-BTsT9Y4j.js
[90m│[39m  6.47 kB
[90m│[39m  ../../../AppData/Local/Temp/chromatic--13096-Y8FWL4VKBNDw/assets/textarea-estados.stories-CYpw1ePF.js
[90m│[39m  6.48 kB
[90m│[39m  ../../../AppData/Local/Temp/chromatic--13096-Y8FWL4VKBNDw/assets/textarea-composicoes.stories-CyViOvKa.js
[90m│[39m  6.54 kB
[90m│[39m  ../../../AppData/Local/Temp/chromatic--13096-Y8FWL4VKBNDw/assets/switch-estados.stories-Xi0JD-yW.js
[90m│[39m  6.54 kB
[90m│[39m  ../../../AppData/Local/Temp/chromatic--13096-Y8FWL4VKBNDw/assets/select-estados.stories--N0bDema.js
[90m│[39m  6.55 kB
[90m│[39m  ../../../AppData/Local/Temp/chromatic--13096-Y8FWL4VKBNDw/assets/toggle-estados.stories-mCd6Y4sf.js
[90m│[39m  6.63 kB
[90m│[39m  ../../../AppData/Local/Temp/chromatic--13096-Y8FWL4VKBNDw/assets/sheet-estados.stories-Srb33slS.js
[90m│[39m  6.65 kB
[90m│[39m  ../../../AppData/Local/Temp/chromatic--13096-Y8FWL4VKBNDw/assets/switch-composicoes.stories-DYj_v74G.js
[90m│[39m  6.71 kB
[90m│[39m  ../../../AppData/Local/Temp/chromatic--13096-Y8FWL4VKBNDw/assets/dialog-estados.stories-DJTaSxoq.js
[90m│[39m  6.74 kB
[90m│[39m  ../../../AppData/Local/Temp/chromatic--13096-Y8FWL4VKBNDw/assets/card-composicoes.stories-BniJEW7y.js
[90m│[39m  6.92 kB
[90m│[39m  ../../../AppData/Local/Temp/chromatic--13096-Y8FWL4VKBNDw/assets/context-menu-DcMo4MqX.js
[90m│[39m  7.14 kB
[90m│[39m  ../../../AppData/Local/Temp/chromatic--13096-Y8FWL4VKBNDw/assets/checkbox-estados.stories-CSExv2TA.js
[90m│[39m  7.16 kB
[90m│[39m  ../../../AppData/Local/Temp/chromatic--13096-Y8FWL4VKBNDw/assets/button-composicoes.stories-DEL0-w1e.js
[90m│[39m  7.19 kB
[90m│[39m  ../../../AppData/Local/Temp/chromatic--13096-Y8FWL4VKBNDw/assets/tabs-estados.stories-BjEWQ2xP.js
[90m│[39m  7.30 kB
[90m│[39m  ../../../AppData/Local/Temp/chromatic--13096-Y8FWL4VKBNDw/assets/dropdown-menu-BALvI62y.js
[90m│[39m  7.33 kB
[90m│[39m  ../../../AppData/Local/Temp/chromatic--13096-Y8FWL4VKBNDw/assets/input-composicoes.stories-Cql0wIhG.js
[90m│[39m  7.48 kB
[90m│[39m  ../../../AppData/Local/Temp/chromatic--13096-Y8FWL4VKBNDw/assets/radio-group-estados.stories-zqgWx-wJ.js
[90m│[39m  7.50 kB
[90m│[39m  ../../../AppData/Local/Temp/chromatic--13096-Y8FWL4VKBNDw/assets/dialog-variantes.stories-C_slXHuU.js
[90m│[39m  7.68 kB
[90m│[39m  ../../../AppData/Local/Temp/chromatic--13096-Y8FWL4VKBNDw/assets/breadcrumb-estados.stories-DCk-Fv7B.js
[90m│[39m  7.85 kB
[90m│[39m  ../../../AppData/Local/Temp/chromatic--13096-Y8FWL4VKBNDw/assets/BreadcrumbStory-C2qtUnzu.js
[90m│[39m  8.02 kB
[90m│[39m  ../../../AppData/Local/Temp/chromatic--13096-Y8FWL4VKBNDw/assets/toggle-group-composicoes.stories-B_rItzbJ.js
[90m│[39m  8.02 kB
[90m│[39m  ../../../AppData/Local/Temp/chromatic--13096-Y8FWL4VKBNDw/assets/toggle-group-estados.stories-B2mvqEpm.js
[90m│[39m  8.04 kB
[90m│[39m  ../../../AppData/Local/Temp/chromatic--13096-Y8FWL4VKBNDw/assets/CardStory-yEwWFg_x.js
[90m│[39m  8.14 kB
[90m│[39m  ../../../AppData/Local/Temp/chromatic--13096-Y8FWL4VKBNDw/assets/tabs-composicoes.stories-Bz6Ikjyi.js
[90m│[39m  8.14 kB
[90m│[39m  ../../../AppData/Local/Temp/chromatic--13096-Y8FWL4VKBNDw/assets/table-estados.stories-Dq0fqu4z.js
[90m│[39m  8.35 kB
[90m│[39m  ../../../AppData/Local/Temp/chromatic--13096-Y8FWL4VKBNDw/assets/accordion-variantes.stories-B1Awg5Ig.js
[90m│[39m  8.45 kB
[90m│[39m  ../../../AppData/Local/Temp/chromatic--13096-Y8FWL4VKBNDw/assets/alert-dialog-estados.stories-XVwUKMXX.js
[90m│[39m  8.49 kB
[90m│[39m  ../../../AppData/Local/Temp/chromatic--13096-Y8FWL4VKBNDw/assets/SelectStory-Bka4-HD5.js
[90m│[39m  8.65 kB
[90m│[39m  ../../../AppData/Local/Temp/chromatic--13096-Y8FWL4VKBNDw/assets/command-DZPA8hMx.js
[90m│[39m  8.70 kB
[90m│[39m  ../../../AppData/Local/Temp/chromatic--13096-Y8FWL4VKBNDw/assets/checkbox-composicoes.stories-BRimqjpt.js
[90m│[39m  8.72 kB
[90m│[39m  ../../../AppData/Local/Temp/chromatic--13096-Y8FWL4VKBNDw/assets/dialog-composicoes.stories-CbP-wF3E.js
[90m│[39m  8.83 kB
[90m│[39m  ../../../AppData/Local/Temp/chromatic--13096-Y8FWL4VKBNDw/assets/DropdownMenuStory-BD9-N1pk.js
[90m│[39m  8.97 kB
[90m│[39m  ../../../AppData/Local/Temp/chromatic--13096-Y8FWL4VKBNDw/assets/collapsible-estados.stories-CMXFGCCr.js
[90m│[39m  9.04 kB
[90m│[39m  ../../../AppData/Local/Temp/chromatic--13096-Y8FWL4VKBNDw/assets/checkbox-variantes.stories-CmAxMWqP.js
[90m│[39m  9.20 kB
[90m│[39m  ../../../AppData/Local/Temp/chromatic--13096-Y8FWL4VKBNDw/assets/slider-composicoes.stories-CfpwfgNy.js
[90m│[39m  9.21 kB
[90m│[39m  ../../../AppData/Local/Temp/chromatic--13096-Y8FWL4VKBNDw/assets/skeleton-composicoes.stories-DFE8j2qE.js
[90m│[39m  9.60 kB
[90m│[39m  ../../../AppData/Local/Temp/chromatic--13096-Y8FWL4VKBNDw/assets/context-menu-composicoes.stories-CgMZxue9.js
[90m│[39m  9.88 kB
[90m│[39m  ../../../AppData/Local/Temp/chromatic--13096-Y8FWL4VKBNDw/assets/accordion-composicoes.stories-DwfBjk5Y.js
[90m│[39m  10.58 kB
[90m│[39m  ../../../AppData/Local/Temp/chromatic--13096-Y8FWL4VKBNDw/assets/NavigationMenuStory-Dw-tyKfZ.js
[90m│[39m  10.76 kB
[90m│[39m  ../../../AppData/Local/Temp/chromatic--13096-Y8FWL4VKBNDw/assets/sidebar-estados.stories-Bt0EysLM.js
[90m│[39m  11.52 kB
[90m│[39m  ../../../AppData/Local/Temp/chromatic--13096-Y8FWL4VKBNDw/assets/table-variantes.stories-Bj3ndVxZ.js
[90m│[39m  11.89 kB
[90m│[39m  ../../../AppData/Local/Temp/chromatic--13096-Y8FWL4VKBNDw/assets/CalendarStory-eqmO9B75.js
[90m│[39m  14.24 kB
[90m│[39m  ../../../AppData/Local/Temp/chromatic--13096-Y8FWL4VKBNDw/assets/command-composicoes.stories-BRbWGxO0.js
[90m│[39m  14.36 kB
[90m│[39m  ../../../AppData/Local/Temp/chromatic--13096-Y8FWL4VKBNDw/assets/sidebar-composicoes.stories-BXYG_YQl.js
[90m│[39m  14.56 kB
[90m│[39m  ../../../AppData/Local/Temp/chromatic--13096-Y8FWL4VKBNDw/assets/palette-Cv6Cl88g.js
[90m│[39m  16.27 kB
[90m│[39m  ../../../AppData/Local/Temp/chromatic--13096-Y8FWL4VKBNDw/assets/MenubarStory-CSZxOIl-.js
[90m│[39m  17.90 kB
[90m│[39m  ../../../AppData/Local/Temp/chromatic--13096-Y8FWL4VKBNDw/assets/purify.es-Bm0gNzzM.js
[90m│[39m  27.09 kB
[90m│[39m  ../../../AppData/Local/Temp/chromatic--13096-Y8FWL4VKBNDw/vite-inject-mocker-entry.js
[90m│[39m  27.81 kB
[90m│[39m  ../../../AppData/Local/Temp/chromatic--13096-Y8FWL4VKBNDw/assets/matchers-JIUQ3HVY-9iRExWZO.js
[90m│[39m  28.76 kB
[90m│[39m  ../../../AppData/Local/Temp/chromatic--13096-Y8FWL4VKBNDw/assets/sonner-DTJCW_Ra.js
[90m│[39m  29.54 kB
[90m│[39m  ../../../AppData/Local/Temp/chromatic--13096-Y8FWL4VKBNDw/assets/CarouselStory-DXAutErI.js
[90m│[39m  29.75 kB
[90m│[39m  ../../../AppData/Local/Temp/chromatic--13096-Y8FWL4VKBNDw/assets/ResizableStory-vY-AcRJ5.js
[90m│[39m  41.90 kB
[90m│[39m  ../../../AppData/Local/Temp/chromatic--13096-Y8FWL4VKBNDw/assets/DrawerStory-uYiOMuYT.js
[90m│[39m  42.96 kB
[90m│[39m  ../../../AppData/Local/Temp/chromatic--13096-Y8FWL4VKBNDw/assets/withAutoDocsTab-R__wUAzu.js
[90m│[39m  44.04 kB
[90m│[39m  ../../../AppData/Local/Temp/chromatic--13096-Y8FWL4VKBNDw/assets/label.stories-WN6T_BH8.js
[90m│[39m  48.77 kB
[90m│[39m  ../../../AppData/Local/Temp/chromatic--13096-Y8FWL4VKBNDw/assets/separator.stories-DotAgTha.js
[90m│[39m  55.99 kB
[90m│[39m  ../../../AppData/Local/Temp/chromatic--13096-Y8FWL4VKBNDw/assets/progress.stories-CymomNjP.js
[90m│[39m  57.27 kB
[90m│[39m  ../../../AppData/Local/Temp/chromatic--13096-Y8FWL4VKBNDw/assets/skeleton.stories-BzOG0pOG.js
[90m│[39m  57.49 kB
[90m│[39m  ../../../AppData/Local/Temp/chromatic--13096-Y8FWL4VKBNDw/assets/aspect-ratio.stories-DIa2mGf8.js
[90m│[39m  57.53 kB
[90m│[39m  ../../../AppData/Local/Temp/chromatic--13096-Y8FWL4VKBNDw/assets/scroll-area.stories-BBFOyiWF.js
[90m│[39m  61.95 kB
[90m│[39m  ../../../AppData/Local/Temp/chromatic--13096-Y8FWL4VKBNDw/assets/toggle.stories-H7KSW9TI.js
[90m│[39m  69.19 kB
[90m│[39m  ../../../AppData/Local/Temp/chromatic--13096-Y8FWL4VKBNDw/assets/badge.stories-DuV3E7ak.js
[90m│[39m  69.25 kB
[90m│[39m  ../../../AppData/Local/Temp/chromatic--13096-Y8FWL4VKBNDw/assets/resizable.stories-B24-o6RI.js
[90m│[39m  70.03 kB
[90m│[39m  ../../../AppData/Local/Temp/chromatic--13096-Y8FWL4VKBNDw/assets/switch.stories-DhTohUz-.js
[90m│[39m  71.44 kB
[90m│[39m  ../../../AppData/Local/Temp/chromatic--13096-Y8FWL4VKBNDw/assets/slider.stories-BAiypLX9.js
[90m│[39m  72.94 kB
[90m│[39m  ../../../AppData/Local/Temp/chromatic--13096-Y8FWL4VKBNDw/assets/pagination.stories-C6zp9a0x.js
[90m│[39m  73.22 kB
[90m│[39m  ../../../AppData/Local/Temp/chromatic--13096-Y8FWL4VKBNDw/assets/sonner.stories-C-U_EXAu.js
[90m│[39m  75.26 kB
[90m│[39m  ../../../AppData/Local/Temp/chromatic--13096-Y8FWL4VKBNDw/assets/textarea.stories-Bk3To5P6.js
[90m│[39m  77.38 kB
[90m│[39m  ../../../AppData/Local/Temp/chromatic--13096-Y8FWL4VKBNDw/assets/tooltip.stories-BEab17Ki.js
[90m│[39m  77.78 kB
[90m│[39m  ../../../AppData/Local/Temp/chromatic--13096-Y8FWL4VKBNDw/assets/hover-card.stories-C3ISyj_J.js
[90m│[39m  77.88 kB
[90m│[39m  ../../../AppData/Local/Temp/chromatic--13096-Y8FWL4VKBNDw/assets/alert.stories-B42bjLhx.js
[90m│[39m  78.59 kB
[90m│[39m  ../../../AppData/Local/Temp/chromatic--13096-Y8FWL4VKBNDw/assets/input-otp.stories-C2Y2T6vz.js
[90m│[39m  78.77 kB
[90m│[39m  ../../../AppData/Local/Temp/chromatic--13096-Y8FWL4VKBNDw/assets/avatar.stories-JcrW9yJz.js
[90m│[39m  78.93 kB
[90m│[39m  ../../../AppData/Local/Temp/chromatic--13096-Y8FWL4VKBNDw/assets/radio-group.stories-CguwvfUd.js
[90m│[39m  80.68 kB
[90m│[39m  ../../../AppData/Local/Temp/chromatic--13096-Y8FWL4VKBNDw/assets/popover.stories-DvX-YNQf.js
[90m│[39m  80.84 kB
[90m│[39m  ../../../AppData/Local/Temp/chromatic--13096-Y8FWL4VKBNDw/assets/tabs.stories-D5oVwZBr.js
[90m│[39m  80.98 kB
[90m│[39m  ../../../AppData/Local/Temp/chromatic--13096-Y8FWL4VKBNDw/assets/collapsible.stories-DFdThrFf.js
[90m│[39m  82.84 kB
[90m│[39m  ../../../AppData/Local/Temp/chromatic--13096-Y8FWL4VKBNDw/assets/drawer.stories-CmeraolM.js
[90m│[39m  84.13 kB
[90m│[39m  ../../../AppData/Local/Temp/chromatic--13096-Y8FWL4VKBNDw/assets/select.stories-CJ7m9hpV.js
[90m│[39m  84.43 kB
[90m│[39m  ../../../AppData/Local/Temp/chromatic--13096-Y8FWL4VKBNDw/assets/toggle-group.stories-ORYDDLDo.js
[90m│[39m  84.45 kB
[90m│[39m  ../../../AppData/Local/Temp/chromatic--13096-Y8FWL4VKBNDw/assets/button.stories-DM7V_Qx2.js
[90m│[39m  85.12 kB
[90m│[39m  ../../../AppData/Local/Temp/chromatic--13096-Y8FWL4VKBNDw/assets/alert-dialog.stories-BY_KaVgz.js
[90m│[39m  85.66 kB
[90m│[39m  ../../../AppData/Local/Temp/chromatic--13096-Y8FWL4VKBNDw/assets/input.stories-mhItyPHS.js
[90m│[39m  85.76 kB
[90m│[39m  ../../../AppData/Local/Temp/chromatic--13096-Y8FWL4VKBNDw/assets/chart.stories-CuIvsm8t.js
[90m│[39m  86.12 kB
[90m│[39m  ../../../AppData/Local/Temp/chromatic--13096-Y8FWL4VKBNDw/assets/sheet.stories-BZgrzW2m.js
[90m│[39m  86.37 kB
[90m│[39m  ../../../AppData/Local/Temp/chromatic--13096-Y8FWL4VKBNDw/assets/calendar.stories-Dc_ZTAFL.js
[90m│[39m  86.76 kB
[90m│[39m  ../../../AppData/Local/Temp/chromatic--13096-Y8FWL4VKBNDw/assets/menubar.stories-D5XvKjq6.js
[90m│[39m  87.31 kB
[90m│[39m  ../../../AppData/Local/Temp/chromatic--13096-Y8FWL4VKBNDw/assets/checkbox.stories-CCref5VO.js
[90m│[39m  87.33 kB
[90m│[39m  ../../../AppData/Local/Temp/chromatic--13096-Y8FWL4VKBNDw/assets/dropdown-menu.stories-CQfCkIDI.js
[90m│[39m  87.85 kB
[90m│[39m  ../../../AppData/Local/Temp/chromatic--13096-Y8FWL4VKBNDw/assets/navigation-menu.stories-DrtidErR.js
[90m│[39m  89.16 kB
[90m│[39m  ../../../AppData/Local/Temp/chromatic--13096-Y8FWL4VKBNDw/assets/breadcrumb.stories-BKzX2A8w.js
[90m│[39m  91.11 kB
[90m│[39m  ../../../AppData/Local/Temp/chromatic--13096-Y8FWL4VKBNDw/assets/accordion.stories-BYxYKc27.js
[90m│[39m  92.73 kB
[90m│[39m  ../../../AppData/Local/Temp/chromatic--13096-Y8FWL4VKBNDw/assets/data-table.fixtures-BMOCZALm.js
[90m│[39m  93.32 kB
[90m│[39m  ../../../AppData/Local/Temp/chromatic--13096-Y8FWL4VKBNDw/assets/carousel.stories-B3N1zyqn.js
[90m│[39m  94.46 kB
[90m│[39m  ../../../AppData/Local/Temp/chromatic--13096-Y8FWL4VKBNDw/assets/card.stories-BUFmaxCA.js
[90m│[39m  96.96 kB
[90m│[39m  ../../../AppData/Local/Temp/chromatic--13096-Y8FWL4VKBNDw/assets/dialog.stories-aljztuRJ.js
[90m│[39m  98.08 kB
[90m│[39m  ../../../AppData/Local/Temp/chromatic--13096-Y8FWL4VKBNDw/assets/data-table.stories-CT-nzi3V.js
[90m│[39m  101.58 kB
[90m│[39m  ../../../AppData/Local/Temp/chromatic--13096-Y8FWL4VKBNDw/assets/command.stories-CE9ZhL7R.js
[90m│[39m  101.69 kB
[90m│[39m  ../../../AppData/Local/Temp/chromatic--13096-Y8FWL4VKBNDw/assets/context-menu.stories-BXh9Q3D7.js
[90m│[39m  105.52 kB
[90m│[39m  ../../../AppData/Local/Temp/chromatic--13096-Y8FWL4VKBNDw/assets/table.stories-CeJ6R8_I.js
[90m│[39m  108.90 kB
[90m│[39m  ../../../AppData/Local/Temp/chromatic--13096-Y8FWL4VKBNDw/assets/sidebar.stories-qtPQa16W.js
[90m│[39m  117.57 kB
[90m│[39m  ../../../AppData/Local/Temp/chromatic--13096-Y8FWL4VKBNDw/assets/dist-B98bpXjm.js
[90m│[39m  452.11 kB
[90m│[39m  ../../../AppData/Local/Temp/chromatic--13096-Y8FWL4VKBNDw/assets/axe-Bk3eEgJf.js
[90m│[39m  579.35 kB
[90m│[39m  ../../../AppData/Local/Temp/chromatic--13096-Y8FWL4VKBNDw/assets/chart-CZsemd2F.js
[90m│[39m  594.13 kB
[90m│[39m  ../../../AppData/Local/Temp/chromatic--13096-Y8FWL4VKBNDw/assets/iframe-CPTgWkJo.js
[90m│[39m  999.03 kB

[90m│[39m
[33m▲[39m  [43mVite[49m [33m[33m[PLUGIN_TIMINGS] [0mYour build spent significant time in plugins.
[90m│[39m  Here is a breakdown:
[90m│[39m  - storybook:project-annotations-plugin (40%)
[90m│[39m  - storybook:code-generator-plugin (24%)
[90m│[39m  - plugin-csf (9%)
[90m│[39m  - storybook:mock-loader (8%)
[90m│[39m  - vite-plugin-svelte:compile (5%)
[90m│[39m  See ]8;;https://rolldown.rs/reference/InputOptions.checks#plugintimingshttps://rolldown.rs/reference/InputOptions.checks#plugintimings]8;;
[90m│[39m  for more details.
[90m│[39m  [39m
[90m│[39m
[33m▲[39m  [43mVite[49m [33m[plugin builtin:vite-reporter]
[90m│[39m  (!) Some chunks are larger than 500 kB after minification. Consider:
[90m│[39m  - Using dynamic import() to code-split the application
[90m│[39m  - Use build.rolldownOptions.output.codeSplitting to improve chunking:
[90m│[39m  ]8;;https://rolldown.rs/reference/OutputOptions.codeSplittinghttps://rolldown.rs/reference/OutputOptions.codeSplitting]8;;
[90m│[39m  - Adjust chunk size limit for this warning via
[90m│[39m  build.chunkSizeWarningLimit.[39m
[90m│[39m  [43mVite[49m [32m✓ built in 27.54s[39m
[90m│[39m
[34m●[39m  Preview stats written to
[90m│[39m  [36mC:\Users\julia\AppData\Local\Temp\chromatic--13096-Y8FWL4VKBNDw\preview-stats.json[39m
[90m│[39m
[32m◇[39m  Output directory:
[90m│[39m  C:/Users/julia/AppData/Local/Temp/chromatic--13096-Y8FWL4VKBNDw
[90m│[39m
[90m└[39m  Storybook build completed successfully

