
> nortear-design-system-vanilla@0.0.0 build-storybook:chromatic
> storybook build --output-dir=C:\Users\julia\AppData\Local\Temp\chromatic--30220-tx3tVxYl4ny3 --stats-json=C:\Users\julia\AppData\Local\Temp\chromatic--30220-tx3tVxYl4ny3


[90m┌[39m  Building storybook v10.5.5
[90m│[39m
[32m◇[39m  Cleaning outputDir:
[90m│[39m  [36m../../../AppData/Local/Temp/chromatic--30220-tx3tVxYl4ny3[39m
[90m│[39m
[32m◇[39m  Loading presets
[90m│[39m
[32m◇[39m  Building manager..
[90m│[39m
[34m●[39m  Building open services..
[90m│[39m
[34m●[39m  Building preview..
[90m│[39m  [43mVite[49m [36mvite v8.1.5 [32mbuilding client environment for production...[36m[39m
[2Ktransforming...✓ 2779 modules transformed.
rendering chunks...
[90m│[39m  [43mVite[49m
[90m│[39m  ../../../AppData/Local/Temp/chromatic--30220-tx3tVxYl4ny3/iframe.html
[90m│[39m  21.21 kB
[90m│[39m  ../../../AppData/Local/Temp/chromatic--30220-tx3tVxYl4ny3/assets/iframe-g0x38-Ls.css
[90m│[39m  194.08 kB
[90m│[39m  ../../../AppData/Local/Temp/chromatic--30220-tx3tVxYl4ny3/assets/drawer-Dv7UwptG.js
[90m│[39m  0.18 kB
[90m│[39m  ../../../AppData/Local/Temp/chromatic--30220-tx3tVxYl4ny3/assets/label-CFUXJR6x.js
[90m│[39m  0.31 kB
[90m│[39m  ../../../AppData/Local/Temp/chromatic--30220-tx3tVxYl4ny3/assets/aspect-ratio-DXuV7J0Q.js
[90m│[39m  0.35 kB
[90m│[39m  ../../../AppData/Local/Temp/chromatic--30220-tx3tVxYl4ny3/assets/skeleton-C8I5xdyP.js
[90m│[39m  0.35 kB
[90m│[39m  ../../../AppData/Local/Temp/chromatic--30220-tx3tVxYl4ny3/assets/input-DAmYwuS7.js
[90m│[39m  0.42 kB
[90m│[39m  ../../../AppData/Local/Temp/chromatic--30220-tx3tVxYl4ny3/assets/textarea-IIzyRrTt.js
[90m│[39m  0.44 kB
[90m│[39m  ../../../AppData/Local/Temp/chromatic--30220-tx3tVxYl4ny3/assets/separator-rjTdqI91.js
[90m│[39m  0.47 kB
[90m│[39m  ../../../AppData/Local/Temp/chromatic--30220-tx3tVxYl4ny3/assets/scroll-area-DQNF8NjC.js
[90m│[39m  0.54 kB
[90m│[39m  ../../../AppData/Local/Temp/chromatic--30220-tx3tVxYl4ny3/assets/badge-CeCMPcUe.js
[90m│[39m  0.64 kB
[90m│[39m  ../../../AppData/Local/Temp/chromatic--30220-tx3tVxYl4ny3/assets/progress-CMtPSRut.js
[90m│[39m  0.64 kB
[90m│[39m  ../../../AppData/Local/Temp/chromatic--30220-tx3tVxYl4ny3/assets/select-eytQMDUH.js
[90m│[39m  0.70 kB
[90m│[39m  ../../../AppData/Local/Temp/chromatic--30220-tx3tVxYl4ny3/assets/toggle-Q7C6u-VR.js
[90m│[39m  0.77 kB
[90m│[39m  ../../../AppData/Local/Temp/chromatic--30220-tx3tVxYl4ny3/assets/icons.stories-Rp-DChtL.js
[90m│[39m  0.81 kB
[90m│[39m  ../../../AppData/Local/Temp/chromatic--30220-tx3tVxYl4ny3/assets/data-table-estados.stories-CKG3PpoF.js
[90m│[39m  0.85 kB
[90m│[39m  ../../../AppData/Local/Temp/chromatic--30220-tx3tVxYl4ny3/assets/switch-BbCpfVL1.js
[90m│[39m  0.87 kB
[90m│[39m  ../../../AppData/Local/Temp/chromatic--30220-tx3tVxYl4ny3/assets/slider-BnD6hyup.js
[90m│[39m  0.95 kB
[90m│[39m  ../../../AppData/Local/Temp/chromatic--30220-tx3tVxYl4ny3/assets/table-wWcwLyt4.js
[90m│[39m  0.97 kB
[90m│[39m  ../../../AppData/Local/Temp/chromatic--30220-tx3tVxYl4ny3/assets/toggle-group-Cc6b4uSO.js
[90m│[39m  1.13 kB
[90m│[39m  ../../../AppData/Local/Temp/chromatic--30220-tx3tVxYl4ny3/assets/avatar-CafsR2Fh.js
[90m│[39m  1.20 kB
[90m│[39m  ../../../AppData/Local/Temp/chromatic--30220-tx3tVxYl4ny3/assets/data-table-configuracoes.stories-F3MFn6N5.js
[90m│[39m  1.23 kB
[90m│[39m  ../../../AppData/Local/Temp/chromatic--30220-tx3tVxYl4ny3/assets/collapsible-DqInyAf-.js
[90m│[39m  1.25 kB
[90m│[39m  ../../../AppData/Local/Temp/chromatic--30220-tx3tVxYl4ny3/assets/tooltip-BwC0DNWI.js
[90m│[39m  1.29 kB
[90m│[39m  ../../../AppData/Local/Temp/chromatic--30220-tx3tVxYl4ny3/assets/alert-BHF9CaBO.js
[90m│[39m  1.42 kB
[90m│[39m  ../../../AppData/Local/Temp/chromatic--30220-tx3tVxYl4ny3/assets/calendar-modos.stories-elY8XRU-.js
[90m│[39m  1.59 kB
[90m│[39m  ../../../AppData/Local/Temp/chromatic--30220-tx3tVxYl4ny3/assets/card-CQGH72-b.js
[90m│[39m  1.64 kB
[90m│[39m  ../../../AppData/Local/Temp/chromatic--30220-tx3tVxYl4ny3/assets/checkbox-B3YmdB5f.js
[90m│[39m  1.68 kB
[90m│[39m  ../../../AppData/Local/Temp/chromatic--30220-tx3tVxYl4ny3/assets/input-otp-sh7CIYMM.js
[90m│[39m  1.72 kB
[90m│[39m  ../../../AppData/Local/Temp/chromatic--30220-tx3tVxYl4ny3/assets/hover-card-B7CGPcmK.js
[90m│[39m  1.79 kB
[90m│[39m  ../../../AppData/Local/Temp/chromatic--30220-tx3tVxYl4ny3/assets/popover-DpsXsMbn.js
[90m│[39m  2.08 kB
[90m│[39m  ../../../AppData/Local/Temp/chromatic--30220-tx3tVxYl4ny3/assets/button-hhvhXjSJ.js
[90m│[39m  2.18 kB
[90m│[39m  ../../../AppData/Local/Temp/chromatic--30220-tx3tVxYl4ny3/assets/alert-dialog-vHOxFw3N.js
[90m│[39m  2.29 kB
[90m│[39m  ../../../AppData/Local/Temp/chromatic--30220-tx3tVxYl4ny3/assets/context-menu-CNlo8SgH.js
[90m│[39m  2.37 kB
[90m│[39m  ../../../AppData/Local/Temp/chromatic--30220-tx3tVxYl4ny3/assets/preload-helper-BdFrVu1K.js
[90m│[39m  2.40 kB
[90m│[39m  ../../../AppData/Local/Temp/chromatic--30220-tx3tVxYl4ny3/assets/tabs-6Jb1U01s.js
[90m│[39m  2.40 kB
[90m│[39m  ../../../AppData/Local/Temp/chromatic--30220-tx3tVxYl4ny3/assets/pagination-B9aZEHoX.js
[90m│[39m  2.41 kB
[90m│[39m  ../../../AppData/Local/Temp/chromatic--30220-tx3tVxYl4ny3/assets/radio-group-cecbpGjp.js
[90m│[39m  2.45 kB
[90m│[39m  ../../../AppData/Local/Temp/chromatic--30220-tx3tVxYl4ny3/assets/carousel-C5BQraE_.js
[90m│[39m  2.61 kB
[90m│[39m  ../../../AppData/Local/Temp/chromatic--30220-tx3tVxYl4ny3/assets/breadcrumb-BQMH45mG.js
[90m│[39m  2.62 kB
[90m│[39m  ../../../AppData/Local/Temp/chromatic--30220-tx3tVxYl4ny3/assets/resizable-3MYeWWxA.js
[90m│[39m  2.62 kB
[90m│[39m  ../../../AppData/Local/Temp/chromatic--30220-tx3tVxYl4ny3/assets/dropdown-menu-BdwXbeHQ.js
[90m│[39m  2.63 kB
[90m│[39m  ../../../AppData/Local/Temp/chromatic--30220-tx3tVxYl4ny3/assets/menubar-HIkq28lf.js
[90m│[39m  2.71 kB
[90m│[39m  ../../../AppData/Local/Temp/chromatic--30220-tx3tVxYl4ny3/assets/chart-configuracoes.stories-DoN9uPO8.js
[90m│[39m  2.80 kB
[90m│[39m  ../../../AppData/Local/Temp/chromatic--30220-tx3tVxYl4ny3/assets/sheet-PKC3OPfK.js
[90m│[39m  3.02 kB
[90m│[39m  ../../../AppData/Local/Temp/chromatic--30220-tx3tVxYl4ny3/assets/carousel-variantes.stories-uGRytvNP.js
[90m│[39m  3.18 kB
[90m│[39m  ../../../AppData/Local/Temp/chromatic--30220-tx3tVxYl4ny3/assets/accordion-hxT3cIyG.js
[90m│[39m  3.19 kB
[90m│[39m  ../../../AppData/Local/Temp/chromatic--30220-tx3tVxYl4ny3/assets/calendar-CxQnu994.js
[90m│[39m  3.28 kB
[90m│[39m  ../../../AppData/Local/Temp/chromatic--30220-tx3tVxYl4ny3/assets/command-BFrF-pHP.js
[90m│[39m  3.30 kB
[90m│[39m  ../../../AppData/Local/Temp/chromatic--30220-tx3tVxYl4ny3/assets/navigation-menu-BY3ocEsF.js
[90m│[39m  3.35 kB
[90m│[39m  ../../../AppData/Local/Temp/chromatic--30220-tx3tVxYl4ny3/assets/drawer-variantes.stories-BV5JMqTk.js
[90m│[39m  3.43 kB
[90m│[39m  ../../../AppData/Local/Temp/chromatic--30220-tx3tVxYl4ny3/assets/avatar-tamanhos.stories-B1lT5NF0.js
[90m│[39m  3.45 kB
[90m│[39m  ../../../AppData/Local/Temp/chromatic--30220-tx3tVxYl4ny3/assets/dialog-DeCCARPL.js
[90m│[39m  3.49 kB
[90m│[39m  ../../../AppData/Local/Temp/chromatic--30220-tx3tVxYl4ny3/assets/chart-composicoes.stories-BmDrtOaR.js
[90m│[39m  3.49 kB
[90m│[39m  ../../../AppData/Local/Temp/chromatic--30220-tx3tVxYl4ny3/assets/card-tamanhos.stories-DtP478FX.js
[90m│[39m  3.67 kB
[90m│[39m  ../../../AppData/Local/Temp/chromatic--30220-tx3tVxYl4ny3/assets/calendar-layouts.stories-CuDzNjkn.js
[90m│[39m  3.72 kB
[90m│[39m  ../../../AppData/Local/Temp/chromatic--30220-tx3tVxYl4ny3/assets/carousel-configuracoes.stories-DWzSIiOu.js
[90m│[39m  3.74 kB
[90m│[39m  ../../../AppData/Local/Temp/chromatic--30220-tx3tVxYl4ny3/assets/badge-variantes.stories-Y2Rlf_yG.js
[90m│[39m  3.83 kB
[90m│[39m  ../../../AppData/Local/Temp/chromatic--30220-tx3tVxYl4ny3/assets/sonner-C4s0idLM.js
[90m│[39m  4.02 kB
[90m│[39m  ../../../AppData/Local/Temp/chromatic--30220-tx3tVxYl4ny3/assets/chart-estados.stories-DpishMpe.js
[90m│[39m  4.06 kB
[90m│[39m  ../../../AppData/Local/Temp/chromatic--30220-tx3tVxYl4ny3/assets/input-estados.stories-QoRRhOL-.js
[90m│[39m  4.08 kB
[90m│[39m  ../../../AppData/Local/Temp/chromatic--30220-tx3tVxYl4ny3/assets/alert-dialog-composicoes.stories-B4fLBrol.js
[90m│[39m  4.17 kB
[90m│[39m  ../../../AppData/Local/Temp/chromatic--30220-tx3tVxYl4ny3/assets/sidebar-DYKQFfpz.js
[90m│[39m  4.22 kB
[90m│[39m  ../../../AppData/Local/Temp/chromatic--30220-tx3tVxYl4ny3/assets/carousel-estados.stories-CO5iz1G9.js
[90m│[39m  4.31 kB
[90m│[39m  ../../../AppData/Local/Temp/chromatic--30220-tx3tVxYl4ny3/assets/alert-variantes.stories-Ci3aO4Fd.js
[90m│[39m  4.44 kB
[90m│[39m  ../../../AppData/Local/Temp/chromatic--30220-tx3tVxYl4ny3/assets/data-table-composicoes.stories-GqzizFaw.js
[90m│[39m  4.59 kB
[90m│[39m  ../../../AppData/Local/Temp/chromatic--30220-tx3tVxYl4ny3/assets/lucide-Jp8F75SR.js
[90m│[39m  4.61 kB
[90m│[39m  ../../../AppData/Local/Temp/chromatic--30220-tx3tVxYl4ny3/assets/skeleton-variantes.stories-DzcL8S8n.js
[90m│[39m  4.72 kB
[90m│[39m  ../../../AppData/Local/Temp/chromatic--30220-tx3tVxYl4ny3/assets/command-estados.stories-CfTFdqQc.js
[90m│[39m  4.91 kB
[90m│[39m  ../../../AppData/Local/Temp/chromatic--30220-tx3tVxYl4ny3/assets/input-tipos.stories-DxU3IveI.js
[90m│[39m  4.91 kB
[90m│[39m  ../../../AppData/Local/Temp/chromatic--30220-tx3tVxYl4ny3/assets/chart-variantes.stories-Um5Byoig.js
[90m│[39m  4.92 kB
[90m│[39m  ../../../AppData/Local/Temp/chromatic--30220-tx3tVxYl4ny3/assets/button-tamanhos.stories-DkR-ncQ_.js
[90m│[39m  4.99 kB
[90m│[39m  ../../../AppData/Local/Temp/chromatic--30220-tx3tVxYl4ny3/assets/navigation-menu-variantes.stories-DKofzikY.js
[90m│[39m  5.05 kB
[90m│[39m  ../../../AppData/Local/Temp/chromatic--30220-tx3tVxYl4ny3/assets/hover-card-variantes.stories-CRYWk725.js
[90m│[39m  5.06 kB
[90m│[39m  ../../../AppData/Local/Temp/chromatic--30220-tx3tVxYl4ny3/assets/aspect-ratio-variantes.stories-B9ncfrMZ.js
[90m│[39m  5.11 kB
[90m│[39m  ../../../AppData/Local/Temp/chromatic--30220-tx3tVxYl4ny3/assets/button-variantes.stories-ByM9Bz0O.js
[90m│[39m  5.22 kB
[90m│[39m  ../../../AppData/Local/Temp/chromatic--30220-tx3tVxYl4ny3/assets/separator-variantes.stories-C0VluzMq.js
[90m│[39m  5.29 kB
[90m│[39m  ../../../AppData/Local/Temp/chromatic--30220-tx3tVxYl4ny3/assets/separator-estados.stories-DiowddUz.js
[90m│[39m  5.30 kB
[90m│[39m  ../../../AppData/Local/Temp/chromatic--30220-tx3tVxYl4ny3/assets/sheet-variantes.stories-SQTNs9Yy.js
[90m│[39m  5.36 kB
[90m│[39m  ../../../AppData/Local/Temp/chromatic--30220-tx3tVxYl4ny3/assets/avatar-estados.stories-IP5uaaOQ.js
[90m│[39m  5.41 kB
[90m│[39m  ../../../AppData/Local/Temp/chromatic--30220-tx3tVxYl4ny3/assets/progress-variantes.stories-BBTxiwdq.js
[90m│[39m  5.42 kB
[90m│[39m  ../../../AppData/Local/Temp/chromatic--30220-tx3tVxYl4ny3/assets/textarea-variantes.stories-akfShL-X.js
[90m│[39m  5.48 kB
[90m│[39m  ../../../AppData/Local/Temp/chromatic--30220-tx3tVxYl4ny3/assets/alert-composicoes.stories-2hNXV0wV.js
[90m│[39m  5.52 kB
[90m│[39m  ../../../AppData/Local/Temp/chromatic--30220-tx3tVxYl4ny3/assets/tooltip-variantes.stories-D5TPAhgT.js
[90m│[39m  5.54 kB
[90m│[39m  ../../../AppData/Local/Temp/chromatic--30220-tx3tVxYl4ny3/assets/pagination-variantes.stories-CbXWo-UW.js
[90m│[39m  5.55 kB
[90m│[39m  ../../../AppData/Local/Temp/chromatic--30220-tx3tVxYl4ny3/assets/input-otp-estados.stories-D_WTzMim.js
[90m│[39m  5.62 kB
[90m│[39m  ../../../AppData/Local/Temp/chromatic--30220-tx3tVxYl4ny3/assets/input-otp-variantes.stories-C2Z-A1pz.js
[90m│[39m  5.74 kB
[90m│[39m  ../../../AppData/Local/Temp/chromatic--30220-tx3tVxYl4ny3/assets/menubar-variantes.stories-B_Q5z56w.js
[90m│[39m  5.78 kB
[90m│[39m  ../../../AppData/Local/Temp/chromatic--30220-tx3tVxYl4ny3/assets/button-estados.stories-f4FKHqvN.js
[90m│[39m  5.84 kB
[90m│[39m  ../../../AppData/Local/Temp/chromatic--30220-tx3tVxYl4ny3/assets/alert-estados.stories-Ft8BSH8J.js
[90m│[39m  5.85 kB
[90m│[39m  ../../../AppData/Local/Temp/chromatic--30220-tx3tVxYl4ny3/assets/tooltip-estados.stories-BCZypxZP.js
[90m│[39m  5.90 kB
[90m│[39m  ../../../AppData/Local/Temp/chromatic--30220-tx3tVxYl4ny3/assets/collapsible-estados.stories-n8sErYwY.js
[90m│[39m  6.15 kB
[90m│[39m  ../../../AppData/Local/Temp/chromatic--30220-tx3tVxYl4ny3/assets/textarea-estados.stories-DGYNTe0t.js
[90m│[39m  6.21 kB
[90m│[39m  ../../../AppData/Local/Temp/chromatic--30220-tx3tVxYl4ny3/assets/hover-card-estados.stories-DiwmFU5U.js
[90m│[39m  6.29 kB
[90m│[39m  ../../../AppData/Local/Temp/chromatic--30220-tx3tVxYl4ny3/assets/accordion-estados.stories-BCnwDViP.js
[90m│[39m  6.43 kB
[90m│[39m  ../../../AppData/Local/Temp/chromatic--30220-tx3tVxYl4ny3/assets/pagination-estados.stories-CVt1qiyM.js
[90m│[39m  6.54 kB
[90m│[39m  ../../../AppData/Local/Temp/chromatic--30220-tx3tVxYl4ny3/assets/tabs-variantes.stories-hLkXsi8W.js
[90m│[39m  6.56 kB
[90m│[39m  ../../../AppData/Local/Temp/chromatic--30220-tx3tVxYl4ny3/assets/alert-dialog-estados.stories-kUJonerd.js
[90m│[39m  6.66 kB
[90m│[39m  ../../../AppData/Local/Temp/chromatic--30220-tx3tVxYl4ny3/assets/resizable-estados.stories-BXCFmuG5.js
[90m│[39m  6.67 kB
[90m│[39m  ../../../AppData/Local/Temp/chromatic--30220-tx3tVxYl4ny3/assets/scroll-area-variantes.stories-B4Q4XoMQ.js
[90m│[39m  6.71 kB
[90m│[39m  ../../../AppData/Local/Temp/chromatic--30220-tx3tVxYl4ny3/assets/label-composicoes.stories-C6Fqm_oa.js
[90m│[39m  6.72 kB
[90m│[39m  ../../../AppData/Local/Temp/chromatic--30220-tx3tVxYl4ny3/assets/tabs-estados.stories-Bc7skbdD.js
[90m│[39m  6.75 kB
[90m│[39m  ../../../AppData/Local/Temp/chromatic--30220-tx3tVxYl4ny3/assets/label-estados.stories-6U7MLA64.js
[90m│[39m  6.88 kB
[90m│[39m  ../../../AppData/Local/Temp/chromatic--30220-tx3tVxYl4ny3/assets/table-estados.stories-BlaTiUId.js
[90m│[39m  7.02 kB
[90m│[39m  ../../../AppData/Local/Temp/chromatic--30220-tx3tVxYl4ny3/assets/calendar-estados.stories-D6rAfPIe.js
[90m│[39m  7.05 kB
[90m│[39m  ../../../AppData/Local/Temp/chromatic--30220-tx3tVxYl4ny3/assets/toggle-variantes.stories-CU3INRQ2.js
[90m│[39m  7.09 kB
[90m│[39m  ../../../AppData/Local/Temp/chromatic--30220-tx3tVxYl4ny3/assets/badge-composicoes.stories-CKhftsRI.js
[90m│[39m  7.17 kB
[90m│[39m  ../../../AppData/Local/Temp/chromatic--30220-tx3tVxYl4ny3/assets/navigation-menu-estados.stories-CrunzXcx.js
[90m│[39m  7.19 kB
[90m│[39m  ../../../AppData/Local/Temp/chromatic--30220-tx3tVxYl4ny3/assets/scroll-area-estados.stories-Bze5kLEd.js
[90m│[39m  7.23 kB
[90m│[39m  ../../../AppData/Local/Temp/chromatic--30220-tx3tVxYl4ny3/assets/card-composicoes.stories-oDldtDsg.js
[90m│[39m  7.35 kB
[90m│[39m  ../../../AppData/Local/Temp/chromatic--30220-tx3tVxYl4ny3/assets/dialog-composicoes.stories-D9Fe35mj.js
[90m│[39m  7.52 kB
[90m│[39m  ../../../AppData/Local/Temp/chromatic--30220-tx3tVxYl4ny3/assets/table-variantes.stories-S1HKeYYi.js
[90m│[39m  7.63 kB
[90m│[39m  ../../../AppData/Local/Temp/chromatic--30220-tx3tVxYl4ny3/assets/card-estados.stories-BmerXRsG.js
[90m│[39m  7.67 kB
[90m│[39m  ../../../AppData/Local/Temp/chromatic--30220-tx3tVxYl4ny3/assets/dropdown-menu-estados.stories-hwS_DRQ7.js
[90m│[39m  7.80 kB
[90m│[39m  ../../../AppData/Local/Temp/chromatic--30220-tx3tVxYl4ny3/assets/dropdown-menu-variantes.stories-CY7mLNKr.js
[90m│[39m  7.87 kB
[90m│[39m  ../../../AppData/Local/Temp/chromatic--30220-tx3tVxYl4ny3/assets/button-composicoes.stories-C3JERY0P.js
[90m│[39m  7.90 kB
[90m│[39m  ../../../AppData/Local/Temp/chromatic--30220-tx3tVxYl4ny3/assets/input-composicoes.stories-BD81AhC3.js
[90m│[39m  7.99 kB
[90m│[39m  ../../../AppData/Local/Temp/chromatic--30220-tx3tVxYl4ny3/assets/breadcrumb-composicoes.stories-COU8I6F2.js
[90m│[39m  8.04 kB
[90m│[39m  ../../../AppData/Local/Temp/chromatic--30220-tx3tVxYl4ny3/assets/sheet-estados.stories-ChY33rUW.js
[90m│[39m  8.05 kB
[90m│[39m  ../../../AppData/Local/Temp/chromatic--30220-tx3tVxYl4ny3/assets/carousel-composicoes.stories-BPD4wPB3.js
[90m│[39m  8.25 kB
[90m│[39m  ../../../AppData/Local/Temp/chromatic--30220-tx3tVxYl4ny3/assets/progress-estados.stories-DNCCbWMV.js
[90m│[39m  8.25 kB
[90m│[39m  ../../../AppData/Local/Temp/chromatic--30220-tx3tVxYl4ny3/assets/sonner-tipos.stories-C6vWuPSO.js
[90m│[39m  8.26 kB
[90m│[39m  ../../../AppData/Local/Temp/chromatic--30220-tx3tVxYl4ny3/assets/popover-variantes.stories-CjqZ0HGH.js
[90m│[39m  8.29 kB
[90m│[39m  ../../../AppData/Local/Temp/chromatic--30220-tx3tVxYl4ny3/assets/resizable-variantes.stories-BllLCUwz.js
[90m│[39m  8.41 kB
[90m│[39m  ../../../AppData/Local/Temp/chromatic--30220-tx3tVxYl4ny3/assets/switch-variantes.stories-R7Hm1BkA.js
[90m│[39m  8.56 kB
[90m│[39m  ../../../AppData/Local/Temp/chromatic--30220-tx3tVxYl4ny3/assets/command-composicoes.stories-CsP93pzl.js
[90m│[39m  8.78 kB
[90m│[39m  ../../../AppData/Local/Temp/chromatic--30220-tx3tVxYl4ny3/assets/avatar-composicoes.stories-D15Rgmki.js
[90m│[39m  8.81 kB
[90m│[39m  ../../../AppData/Local/Temp/chromatic--30220-tx3tVxYl4ny3/assets/skeleton-composicoes.stories-DYIEMTBf.js
[90m│[39m  8.85 kB
[90m│[39m  ../../../AppData/Local/Temp/chromatic--30220-tx3tVxYl4ny3/assets/slider-estados.stories-DKZaGRg9.js
[90m│[39m  8.99 kB
[90m│[39m  ../../../AppData/Local/Temp/chromatic--30220-tx3tVxYl4ny3/assets/accordion-variantes.stories-fEDEsXq8.js
[90m│[39m  9.12 kB
[90m│[39m  ../../../AppData/Local/Temp/chromatic--30220-tx3tVxYl4ny3/assets/input-otp-composicoes.stories-B3Db8ZZH.js
[90m│[39m  9.15 kB
[90m│[39m  ../../../AppData/Local/Temp/chromatic--30220-tx3tVxYl4ny3/assets/select-variantes.stories--uRcCxNk.js
[90m│[39m  9.16 kB
[90m│[39m  ../../../AppData/Local/Temp/chromatic--30220-tx3tVxYl4ny3/assets/pagination-composicoes.stories-ChZrmHlG.js
[90m│[39m  9.40 kB
[90m│[39m  ../../../AppData/Local/Temp/chromatic--30220-tx3tVxYl4ny3/assets/drawer-composicoes.stories-BHFuRfXF.js
[90m│[39m  9.40 kB
[90m│[39m  ../../../AppData/Local/Temp/chromatic--30220-tx3tVxYl4ny3/assets/dialog-estados.stories-DPHaFfL6.js
[90m│[39m  9.57 kB
[90m│[39m  ../../../AppData/Local/Temp/chromatic--30220-tx3tVxYl4ny3/assets/radio-group-variantes.stories-Djw5VUf7.js
[90m│[39m  9.61 kB
[90m│[39m  ../../../AppData/Local/Temp/chromatic--30220-tx3tVxYl4ny3/assets/progress-composicoes.stories-DNjrNvng.js
[90m│[39m  9.71 kB
[90m│[39m  ../../../AppData/Local/Temp/chromatic--30220-tx3tVxYl4ny3/assets/popover-estados.stories-COwxrLYe.js
[90m│[39m  9.73 kB
[90m│[39m  ../../../AppData/Local/Temp/chromatic--30220-tx3tVxYl4ny3/assets/aspect-ratio-composicoes.stories-BHcn2-SV.js
[90m│[39m  9.76 kB
[90m│[39m  ../../../AppData/Local/Temp/chromatic--30220-tx3tVxYl4ny3/assets/sidebar-variantes.stories-DGHYgFeD.js
[90m│[39m  10.09 kB
[90m│[39m  ../../../AppData/Local/Temp/chromatic--30220-tx3tVxYl4ny3/assets/drawer-estados.stories-C8pcPNqX.js
[90m│[39m  10.15 kB
[90m│[39m  ../../../AppData/Local/Temp/chromatic--30220-tx3tVxYl4ny3/assets/select-estados.stories-BDun9h12.js
[90m│[39m  10.48 kB
[90m│[39m  ../../../AppData/Local/Temp/chromatic--30220-tx3tVxYl4ny3/assets/toggle-group-variantes.stories-DnIUzq0z.js
[90m│[39m  10.62 kB
[90m│[39m  ../../../AppData/Local/Temp/chromatic--30220-tx3tVxYl4ny3/assets/toggle-group-estados.stories-BlloDNix.js
[90m│[39m  10.63 kB
[90m│[39m  ../../../AppData/Local/Temp/chromatic--30220-tx3tVxYl4ny3/assets/toggle-estados.stories-DXRD5HPA.js
[90m│[39m  10.94 kB
[90m│[39m  ../../../AppData/Local/Temp/chromatic--30220-tx3tVxYl4ny3/assets/switch-estados.stories-Hk9_NIJI.js
[90m│[39m  11.06 kB
[90m│[39m  ../../../AppData/Local/Temp/chromatic--30220-tx3tVxYl4ny3/assets/textarea-composicoes.stories-C-25oHSp.js
[90m│[39m  11.29 kB
[90m│[39m  ../../../AppData/Local/Temp/chromatic--30220-tx3tVxYl4ny3/assets/menubar-estados.stories-vPC9eDvF.js
[90m│[39m  11.31 kB
[90m│[39m  ../../../AppData/Local/Temp/chromatic--30220-tx3tVxYl4ny3/assets/select-composicoes.stories-CPvr904G.js
[90m│[39m  11.38 kB
[90m│[39m  ../../../AppData/Local/Temp/chromatic--30220-tx3tVxYl4ny3/assets/checkbox-estados.stories-QPanJPQT.js
[90m│[39m  11.42 kB
[90m│[39m  ../../../AppData/Local/Temp/chromatic--30220-tx3tVxYl4ny3/assets/slider-variantes.stories-CmrysvF8.js
[90m│[39m  11.43 kB
[90m│[39m  ../../../AppData/Local/Temp/chromatic--30220-tx3tVxYl4ny3/assets/tooltip-composicoes.stories-CP7GVG9g.js
[90m│[39m  11.48 kB
[90m│[39m  ../../../AppData/Local/Temp/chromatic--30220-tx3tVxYl4ny3/assets/sheet-composicoes.stories-BdIhFgvy.js
[90m│[39m  11.74 kB
[90m│[39m  ../../../AppData/Local/Temp/chromatic--30220-tx3tVxYl4ny3/assets/dropdown-menu-composicoes.stories-CjY9eju0.js
[90m│[39m  12.10 kB
[90m│[39m  ../../../AppData/Local/Temp/chromatic--30220-tx3tVxYl4ny3/assets/dialog-variantes.stories-DQIGHpQs.js
[90m│[39m  12.57 kB
[90m│[39m  ../../../AppData/Local/Temp/chromatic--30220-tx3tVxYl4ny3/assets/breadcrumb-estados.stories-FTbe7O98.js
[90m│[39m  12.65 kB
[90m│[39m  ../../../AppData/Local/Temp/chromatic--30220-tx3tVxYl4ny3/assets/collapsible-composicoes.stories-BCEgpxye.js
[90m│[39m  12.91 kB
[90m│[39m  ../../../AppData/Local/Temp/chromatic--30220-tx3tVxYl4ny3/assets/slider-composicoes.stories-D57nvg1u.js
[90m│[39m  13.12 kB
[90m│[39m  ../../../AppData/Local/Temp/chromatic--30220-tx3tVxYl4ny3/assets/resizable-composicoes.stories-BpeY7D-P.js
[90m│[39m  13.39 kB
[90m│[39m  ../../../AppData/Local/Temp/chromatic--30220-tx3tVxYl4ny3/assets/radio-group-estados.stories-BySVXplQ.js
[90m│[39m  13.46 kB
[90m│[39m  ../../../AppData/Local/Temp/chromatic--30220-tx3tVxYl4ny3/assets/hover-card-composicoes.stories-DaO4oz3B.js
[90m│[39m  13.74 kB
[90m│[39m  ../../../AppData/Local/Temp/chromatic--30220-tx3tVxYl4ny3/assets/radio-group-composicoes.stories-DlT3TRNO.js
[90m│[39m  13.90 kB
[90m│[39m  ../../../AppData/Local/Temp/chromatic--30220-tx3tVxYl4ny3/assets/tabs-composicoes.stories-C-jQiME_.js
[90m│[39m  13.90 kB
[90m│[39m  ../../../AppData/Local/Temp/chromatic--30220-tx3tVxYl4ny3/assets/navigation-menu-composicoes.stories-iZ-mqz2J.js
[90m│[39m  13.98 kB
[90m│[39m  ../../../AppData/Local/Temp/chromatic--30220-tx3tVxYl4ny3/assets/menubar-composicoes.stories-BHO-GgBM.js
[90m│[39m  14.04 kB
[90m│[39m  ../../../AppData/Local/Temp/chromatic--30220-tx3tVxYl4ny3/assets/sonner-composicoes.stories-CpZdN_XN.js
[90m│[39m  14.08 kB
[90m│[39m  ../../../AppData/Local/Temp/chromatic--30220-tx3tVxYl4ny3/assets/switch-composicoes.stories-CAxQ6LWO.js
[90m│[39m  14.26 kB
[90m│[39m  ../../../AppData/Local/Temp/chromatic--30220-tx3tVxYl4ny3/assets/accordion-composicoes.stories-DBimYaG9.js
[90m│[39m  14.67 kB
[90m│[39m  ../../../AppData/Local/Temp/chromatic--30220-tx3tVxYl4ny3/assets/context-menu-estados.stories-C7EZMMW3.js
[90m│[39m  15.70 kB
[90m│[39m  ../../../AppData/Local/Temp/chromatic--30220-tx3tVxYl4ny3/assets/sidebar-estados.stories-CAz1FNm9.js
[90m│[39m  16.20 kB
[90m│[39m  ../../../AppData/Local/Temp/chromatic--30220-tx3tVxYl4ny3/assets/popover-composicoes.stories-B92YahWd.js
[90m│[39m  16.33 kB
[90m│[39m  ../../../AppData/Local/Temp/chromatic--30220-tx3tVxYl4ny3/assets/toggle-group-composicoes.stories-CG7OU9hh.js
[90m│[39m  16.58 kB
[90m│[39m  ../../../AppData/Local/Temp/chromatic--30220-tx3tVxYl4ny3/assets/toggle-composicoes.stories-m8eU__PH.js
[90m│[39m  17.83 kB
[90m│[39m  ../../../AppData/Local/Temp/chromatic--30220-tx3tVxYl4ny3/assets/scroll-area-composicoes.stories-DteoNiSV.js
[90m│[39m  18.21 kB
[90m│[39m  ../../../AppData/Local/Temp/chromatic--30220-tx3tVxYl4ny3/assets/checkbox-composicoes.stories-BkgDvlbZ.js
[90m│[39m  19.78 kB
[90m│[39m  ../../../AppData/Local/Temp/chromatic--30220-tx3tVxYl4ny3/assets/purify.es-Bm0gNzzM.js
[90m│[39m  27.09 kB
[90m│[39m  ../../../AppData/Local/Temp/chromatic--30220-tx3tVxYl4ny3/assets/context-menu-composicoes.stories-DuGtOuqX.js
[90m│[39m  27.15 kB
[90m│[39m  ../../../AppData/Local/Temp/chromatic--30220-tx3tVxYl4ny3/vite-inject-mocker-entry.js
[90m│[39m  27.81 kB
[90m│[39m  ../../../AppData/Local/Temp/chromatic--30220-tx3tVxYl4ny3/assets/matchers-JIUQ3HVY-9iRExWZO.js
[90m│[39m  28.76 kB
[90m│[39m  ../../../AppData/Local/Temp/chromatic--30220-tx3tVxYl4ny3/assets/sidebar-composicoes.stories-CK6PSBwP.js
[90m│[39m  30.19 kB
[90m│[39m  ../../../AppData/Local/Temp/chromatic--30220-tx3tVxYl4ny3/assets/withAutoDocsTab-fl-7jxS1.js
[90m│[39m  36.99 kB
[90m│[39m  ../../../AppData/Local/Temp/chromatic--30220-tx3tVxYl4ny3/assets/label.stories-weyj5W2r.js
[90m│[39m  47.61 kB
[90m│[39m  ../../../AppData/Local/Temp/chromatic--30220-tx3tVxYl4ny3/assets/aspect-ratio.stories-DkcjOH1N.js
[90m│[39m  51.41 kB
[90m│[39m  ../../../AppData/Local/Temp/chromatic--30220-tx3tVxYl4ny3/assets/skeleton.stories-AZGgwCDX.js
[90m│[39m  54.13 kB
[90m│[39m  ../../../AppData/Local/Temp/chromatic--30220-tx3tVxYl4ny3/assets/progress.stories-B_rZmdFI.js
[90m│[39m  54.64 kB
[90m│[39m  ../../../AppData/Local/Temp/chromatic--30220-tx3tVxYl4ny3/assets/separator.stories-BWbcvI2j.js
[90m│[39m  56.50 kB
[90m│[39m  ../../../AppData/Local/Temp/chromatic--30220-tx3tVxYl4ny3/assets/scroll-area.stories-Pqp4wETg.js
[90m│[39m  56.65 kB
[90m│[39m  ../../../AppData/Local/Temp/chromatic--30220-tx3tVxYl4ny3/assets/resizable.stories-BwdRO9qQ.js
[90m│[39m  61.79 kB
[90m│[39m  ../../../AppData/Local/Temp/chromatic--30220-tx3tVxYl4ny3/assets/pagination.stories-l0DIpp_z.js
[90m│[39m  64.25 kB
[90m│[39m  ../../../AppData/Local/Temp/chromatic--30220-tx3tVxYl4ny3/assets/badge.stories-Cl4VnJR8.js
[90m│[39m  66.60 kB
[90m│[39m  ../../../AppData/Local/Temp/chromatic--30220-tx3tVxYl4ny3/assets/toggle.stories-BuZpL8qF.js
[90m│[39m  67.70 kB
[90m│[39m  ../../../AppData/Local/Temp/chromatic--30220-tx3tVxYl4ny3/assets/tooltip.stories-D9L9ea4J.js
[90m│[39m  68.96 kB
[90m│[39m  ../../../AppData/Local/Temp/chromatic--30220-tx3tVxYl4ny3/assets/avatar.stories-DBugp_7y.js
[90m│[39m  69.19 kB
[90m│[39m  ../../../AppData/Local/Temp/chromatic--30220-tx3tVxYl4ny3/assets/form.stories-BqFjd1Xt.js
[90m│[39m  69.22 kB
[90m│[39m  ../../../AppData/Local/Temp/chromatic--30220-tx3tVxYl4ny3/assets/switch.stories-DfVcZieZ.js
[90m│[39m  69.23 kB
[90m│[39m  ../../../AppData/Local/Temp/chromatic--30220-tx3tVxYl4ny3/assets/input-otp.stories-D82uqwue.js
[90m│[39m  70.66 kB
[90m│[39m  ../../../AppData/Local/Temp/chromatic--30220-tx3tVxYl4ny3/assets/alert.stories--HSVHrdb.js
[90m│[39m  70.86 kB
[90m│[39m  ../../../AppData/Local/Temp/chromatic--30220-tx3tVxYl4ny3/assets/slider.stories-B1QYhpgm.js
[90m│[39m  71.78 kB
[90m│[39m  ../../../AppData/Local/Temp/chromatic--30220-tx3tVxYl4ny3/assets/drawer.stories-DNIM7dMz.js
[90m│[39m  72.68 kB
[90m│[39m  ../../../AppData/Local/Temp/chromatic--30220-tx3tVxYl4ny3/assets/collapsible.stories-BuyOqlMm.js
[90m│[39m  73.01 kB
[90m│[39m  ../../../AppData/Local/Temp/chromatic--30220-tx3tVxYl4ny3/assets/radio-group.stories-BxRwvH9Y.js
[90m│[39m  73.40 kB
[90m│[39m  ../../../AppData/Local/Temp/chromatic--30220-tx3tVxYl4ny3/assets/select.stories-cQHIuMTx.js
[90m│[39m  74.06 kB
[90m│[39m  ../../../AppData/Local/Temp/chromatic--30220-tx3tVxYl4ny3/assets/sheet.stories-D_LxrdTS.js
[90m│[39m  74.31 kB
[90m│[39m  ../../../AppData/Local/Temp/chromatic--30220-tx3tVxYl4ny3/assets/hover-card.stories-DSgWoWKA.js
[90m│[39m  75.47 kB
[90m│[39m  ../../../AppData/Local/Temp/chromatic--30220-tx3tVxYl4ny3/assets/sonner.stories-BKg2VJoM.js
[90m│[39m  75.87 kB
[90m│[39m  ../../../AppData/Local/Temp/chromatic--30220-tx3tVxYl4ny3/assets/tabs.stories-Dl9bwaT3.js
[90m│[39m  76.42 kB
[90m│[39m  ../../../AppData/Local/Temp/chromatic--30220-tx3tVxYl4ny3/assets/popover.stories-Do2Kb9GD.js
[90m│[39m  76.43 kB
[90m│[39m  ../../../AppData/Local/Temp/chromatic--30220-tx3tVxYl4ny3/assets/dropdown-menu.stories-DVPriejC.js
[90m│[39m  76.56 kB
[90m│[39m  ../../../AppData/Local/Temp/chromatic--30220-tx3tVxYl4ny3/assets/breadcrumb.stories-BzwQXZhF.js
[90m│[39m  76.57 kB
[90m│[39m  ../../../AppData/Local/Temp/chromatic--30220-tx3tVxYl4ny3/assets/textarea.stories-BS8yoouR.js
[90m│[39m  77.07 kB
[90m│[39m  ../../../AppData/Local/Temp/chromatic--30220-tx3tVxYl4ny3/assets/calendar.stories-UYctWOvO.js
[90m│[39m  77.21 kB
[90m│[39m  ../../../AppData/Local/Temp/chromatic--30220-tx3tVxYl4ny3/assets/alert-dialog.stories-Dr-0AqXC.js
[90m│[39m  78.40 kB
[90m│[39m  ../../../AppData/Local/Temp/chromatic--30220-tx3tVxYl4ny3/assets/button.stories-8iNmri4F.js
[90m│[39m  79.24 kB
[90m│[39m  ../../../AppData/Local/Temp/chromatic--30220-tx3tVxYl4ny3/assets/carousel.stories--v7_GNyt.js
[90m│[39m  80.15 kB
[90m│[39m  ../../../AppData/Local/Temp/chromatic--30220-tx3tVxYl4ny3/assets/input.stories-FCF9iuUW.js
[90m│[39m  80.41 kB
[90m│[39m  ../../../AppData/Local/Temp/chromatic--30220-tx3tVxYl4ny3/assets/menubar.stories-CwcxYa1s.js
[90m│[39m  80.51 kB
[90m│[39m  ../../../AppData/Local/Temp/chromatic--30220-tx3tVxYl4ny3/assets/chart.stories-ByCLMTeM.js
[90m│[39m  81.16 kB
[90m│[39m  ../../../AppData/Local/Temp/chromatic--30220-tx3tVxYl4ny3/assets/navigation-menu.stories-C92rUaj_.js
[90m│[39m  81.71 kB
[90m│[39m  ../../../AppData/Local/Temp/chromatic--30220-tx3tVxYl4ny3/assets/checkbox.stories-CSIE-930.js
[90m│[39m  82.66 kB
[90m│[39m  ../../../AppData/Local/Temp/chromatic--30220-tx3tVxYl4ny3/assets/command.stories-DcwEhiMx.js
[90m│[39m  82.84 kB
[90m│[39m  ../../../AppData/Local/Temp/chromatic--30220-tx3tVxYl4ny3/assets/toggle-group.stories-B4OdsJWN.js
[90m│[39m  82.98 kB
[90m│[39m  ../../../AppData/Local/Temp/chromatic--30220-tx3tVxYl4ny3/assets/card.stories-DScYObTc.js
[90m│[39m  84.54 kB
[90m│[39m  ../../../AppData/Local/Temp/chromatic--30220-tx3tVxYl4ny3/assets/accordion.stories-BI2QxdJX.js
[90m│[39m  84.67 kB
[90m│[39m  ../../../AppData/Local/Temp/chromatic--30220-tx3tVxYl4ny3/assets/table.stories-DOoBcTOG.js
[90m│[39m  86.44 kB
[90m│[39m  ../../../AppData/Local/Temp/chromatic--30220-tx3tVxYl4ny3/assets/dialog.stories-CQxIIHg_.js
[90m│[39m  88.28 kB
[90m│[39m  ../../../AppData/Local/Temp/chromatic--30220-tx3tVxYl4ny3/assets/data-table.fixtures-DsjpBjTm.js
[90m│[39m  88.98 kB
[90m│[39m  ../../../AppData/Local/Temp/chromatic--30220-tx3tVxYl4ny3/assets/context-menu.stories-zUaVY_yz.js
[90m│[39m  92.32 kB
[90m│[39m  ../../../AppData/Local/Temp/chromatic--30220-tx3tVxYl4ny3/assets/data-table.stories-D6R6atxD.js
[90m│[39m  99.62 kB
[90m│[39m  ../../../AppData/Local/Temp/chromatic--30220-tx3tVxYl4ny3/assets/sidebar.stories-Cq_rHToZ.js
[90m│[39m  102.34 kB
[90m│[39m  ../../../AppData/Local/Temp/chromatic--30220-tx3tVxYl4ny3/assets/axe-Bk3eEgJf.js
[90m│[39m  579.35 kB
[90m│[39m  ../../../AppData/Local/Temp/chromatic--30220-tx3tVxYl4ny3/assets/chart-BKeaC7HI.js
[90m│[39m  594.38 kB
[90m│[39m  ../../../AppData/Local/Temp/chromatic--30220-tx3tVxYl4ny3/assets/iframe-BHwmZbvV.js
[90m│[39m  909.46 kB

[90m│[39m
[33m▲[39m  [43mVite[49m [33m[33m[PLUGIN_TIMINGS] [0mYour build spent significant time in plugins.
[90m│[39m  Here is a breakdown:
[90m│[39m  - storybook:project-annotations-plugin (30%)
[90m│[39m  - storybook:code-generator-plugin (20%)
[90m│[39m  - plugin-csf (15%)
[90m│[39m  - storybook:mock-loader (14%)
[90m│[39m  - storybook:external-globals-plugin (11%)
[90m│[39m  See ]8;;https://rolldown.rs/reference/InputOptions.checks#plugintimingshttps://rolldown.rs/reference/InputOptions.checks#plugintimings]8;;
[90m│[39m  for more details.
[90m│[39m  [39m
[90m│[39m
[33m▲[39m  [43mVite[49m [33m[plugin builtin:vite-reporter]
[90m│[39m  (!) Some chunks are larger than 500 kB after minification. Consider:
[90m│[39m  - Using dynamic import() to code-split the application
[90m│[39m  - Use build.rolldownOptions.output.codeSplitting to improve chunking:
[90m│[39m  ]8;;https://rolldown.rs/reference/OutputOptions.codeSplittinghttps://rolldown.rs/reference/OutputOptions.codeSplitting]8;;
[90m│[39m  - Adjust chunk size limit for this warning via
[90m│[39m  build.chunkSizeWarningLimit.[39m
[90m│[39m  [43mVite[49m [32m✓ built in 12.45s[39m
[90m│[39m
[34m●[39m  Preview stats written to
[90m│[39m  [36mC:\Users\julia\AppData\Local\Temp\chromatic--30220-tx3tVxYl4ny3\preview-stats.json[39m
[90m│[39m
[32m◇[39m  Output directory:
[90m│[39m  C:/Users/julia/AppData/Local/Temp/chromatic--30220-tx3tVxYl4ny3
[90m│[39m
[90m└[39m  Storybook build completed successfully

